Archive member included to satisfy reference by file (symbol)

/usr/local/mcuxpressoide-11.2.0_4120/ide/plugins/com.nxp.mcuxpresso.tools.linux_11.2.0.202001021529/tools/bin/../lib/gcc/arm-none-eabi/9.2.1/../../../../arm-none-eabi/lib/thumb/v6-m/nofp/libcr_nohost_nf.a(_cr__main.o)
                              ./startup/startup_mkl25z4.o (__main)
/usr/local/mcuxpressoide-11.2.0_4120/ide/plugins/com.nxp.mcuxpresso.tools.linux_11.2.0.202001021529/tools/bin/../lib/gcc/arm-none-eabi/9.2.1/../../../../arm-none-eabi/lib/thumb/v6-m/nofp/libcr_c.a(memcpy.o)
                              ./source/DAC.o (memcpy)
/usr/local/mcuxpressoide-11.2.0_4120/ide/plugins/com.nxp.mcuxpresso.tools.linux_11.2.0.202001021529/tools/bin/../lib/gcc/arm-none-eabi/9.2.1/../../../../arm-none-eabi/lib/thumb/v6-m/nofp/libcr_c.a(memset.o)
                              ./drivers/fsl_dma.o (memset)
/usr/local/mcuxpressoide-11.2.0_4120/ide/plugins/com.nxp.mcuxpresso.tools.linux_11.2.0.202001021529/tools/bin/../lib/gcc/arm-none-eabi/9.2.1/../../../../arm-none-eabi/lib/thumb/v6-m/nofp/libcr_c.a(initio.o)
                              /usr/local/mcuxpressoide-11.2.0_4120/ide/plugins/com.nxp.mcuxpresso.tools.linux_11.2.0.202001021529/tools/bin/../lib/gcc/arm-none-eabi/9.2.1/../../../../arm-none-eabi/lib/thumb/v6-m/nofp/libcr_nohost_nf.a(_cr__main.o) (_initio)
/usr/local/mcuxpressoide-11.2.0_4120/ide/plugins/com.nxp.mcuxpresso.tools.linux_11.2.0.202001021529/tools/bin/../lib/gcc/arm-none-eabi/9.2.1/../../../../arm-none-eabi/lib/thumb/v6-m/nofp/libcr_c.a(setvbuf.o)
                              /usr/local/mcuxpressoide-11.2.0_4120/ide/plugins/com.nxp.mcuxpresso.tools.linux_11.2.0.202001021529/tools/bin/../lib/gcc/arm-none-eabi/9.2.1/../../../../arm-none-eabi/lib/thumb/v6-m/nofp/libcr_c.a(initio.o) (setvbuf)
/usr/local/mcuxpressoide-11.2.0_4120/ide/plugins/com.nxp.mcuxpresso.tools.linux_11.2.0.202001021529/tools/bin/../lib/gcc/arm-none-eabi/9.2.1/../../../../arm-none-eabi/lib/thumb/v6-m/nofp/libcr_c.a(sin.o)
                              ./source/test_sin.o (sin)
/usr/local/mcuxpressoide-11.2.0_4120/ide/plugins/com.nxp.mcuxpresso.tools.linux_11.2.0.202001021529/tools/bin/../lib/gcc/arm-none-eabi/9.2.1/../../../../arm-none-eabi/lib/thumb/v6-m/nofp/libcr_c.a(strlen.o)
                              ./utilities/fsl_debug_console.o (strlen)
/usr/local/mcuxpressoide-11.2.0_4120/ide/plugins/com.nxp.mcuxpresso.tools.linux_11.2.0.202001021529/tools/bin/../lib/gcc/arm-none-eabi/9.2.1/../../../../arm-none-eabi/lib/thumb/v6-m/nofp/libcr_c.a(_fdopen.o)
                              /usr/local/mcuxpressoide-11.2.0_4120/ide/plugins/com.nxp.mcuxpresso.tools.linux_11.2.0.202001021529/tools/bin/../lib/gcc/arm-none-eabi/9.2.1/../../../../arm-none-eabi/lib/thumb/v6-m/nofp/libcr_c.a(initio.o) (_fdopen)
/usr/local/mcuxpressoide-11.2.0_4120/ide/plugins/com.nxp.mcuxpresso.tools.linux_11.2.0.202001021529/tools/bin/../lib/gcc/arm-none-eabi/9.2.1/../../../../arm-none-eabi/lib/thumb/v6-m/nofp/libcr_c.a(_sincos.o)
                              /usr/local/mcuxpressoide-11.2.0_4120/ide/plugins/com.nxp.mcuxpresso.tools.linux_11.2.0.202001021529/tools/bin/../lib/gcc/arm-none-eabi/9.2.1/../../../../arm-none-eabi/lib/thumb/v6-m/nofp/libcr_c.a(sin.o) (_sincos)
/usr/local/mcuxpressoide-11.2.0_4120/ide/plugins/com.nxp.mcuxpresso.tools.linux_11.2.0.202001021529/tools/bin/../lib/gcc/arm-none-eabi/9.2.1/../../../../arm-none-eabi/lib/thumb/v6-m/nofp/libcr_c.a(errno.o)
                              /usr/local/mcuxpressoide-11.2.0_4120/ide/plugins/com.nxp.mcuxpresso.tools.linux_11.2.0.202001021529/tools/bin/../lib/gcc/arm-none-eabi/9.2.1/../../../../arm-none-eabi/lib/thumb/v6-m/nofp/libcr_c.a(_sincos.o) (errno)
/usr/local/mcuxpressoide-11.2.0_4120/ide/plugins/com.nxp.mcuxpresso.tools.linux_11.2.0.202001021529/tools/bin/../lib/gcc/arm-none-eabi/9.2.1/../../../../arm-none-eabi/lib/thumb/v6-m/nofp/libcr_c.a(fabs.o)
                              /usr/local/mcuxpressoide-11.2.0_4120/ide/plugins/com.nxp.mcuxpresso.tools.linux_11.2.0.202001021529/tools/bin/../lib/gcc/arm-none-eabi/9.2.1/../../../../arm-none-eabi/lib/thumb/v6-m/nofp/libcr_c.a(_sincos.o) (fabs)
/usr/local/mcuxpressoide-11.2.0_4120/ide/plugins/com.nxp.mcuxpresso.tools.linux_11.2.0.202001021529/tools/bin/../lib/gcc/arm-none-eabi/9.2.1/../../../../arm-none-eabi/lib/thumb/v6-m/nofp/libcr_c.a(fclose.o)
                              /usr/local/mcuxpressoide-11.2.0_4120/ide/plugins/com.nxp.mcuxpresso.tools.linux_11.2.0.202001021529/tools/bin/../lib/gcc/arm-none-eabi/9.2.1/../../../../arm-none-eabi/lib/thumb/v6-m/nofp/libcr_c.a(initio.o) (fclose)
/usr/local/mcuxpressoide-11.2.0_4120/ide/plugins/com.nxp.mcuxpresso.tools.linux_11.2.0.202001021529/tools/bin/../lib/gcc/arm-none-eabi/9.2.1/../../../../arm-none-eabi/lib/thumb/v6-m/nofp/libcr_c.a(fflush.o)
[...]
Memory Configuration

Name             Origin             Length             Attributes
PROGRAM_FLASH    0x0000000000000000 0x0000000000020000 xr
SRAM             0x000000001ffff000 0x0000000000004000 xrw
*default*        0x0000000000000000 0xffffffffffffffff

Linker script and memory map

LOAD ./utilities/fsl_debug_console.o
LOAD ./startup/startup_mkl25z4.o
LOAD ./source/ADC.o
LOAD ./source/DAC.o
LOAD ./source/Getting In Tune.o
LOAD ./source/autocorrelate.o
LOAD ./source/fp_sine.o
LOAD ./source/mtb.o
LOAD ./source/semihost_hardfault.o
LOAD ./source/test_sin.o
LOAD ./source/util.o
LOAD ./drivers/fsl_adc16.o
LOAD ./drivers/fsl_clock.o
LOAD ./drivers/fsl_cmp.o
LOAD ./drivers/fsl_common.o
LOAD ./drivers/fsl_dac.o
LOAD ./drivers/fsl_dma.o
LOAD ./drivers/fsl_dmamux.o
LOAD ./drivers/fsl_flash.o
LOAD ./drivers/fsl_gpio.o
LOAD ./drivers/fsl_lpsci.o
LOAD ./drivers/fsl_lpsci_dma.o
LOAD ./drivers/fsl_smc.o
LOAD ./drivers/fsl_tpm.o
LOAD ./drivers/fsl_tsi_v4.o
LOAD ./drivers/fsl_uart.o
LOAD ./drivers/fsl_uart_dma.o
LOAD ./board/board.o
LOAD ./board/clock_config.o
LOAD ./board/peripherals.o
LOAD ./board/pin_mux.o
LOAD ./CMSIS/system_MKL25Z4.o
START GROUP
LOAD /usr/local/mcuxpressoide-11.2.0_4120/ide/plugins/com.nxp.mcuxpresso.tools.linux_11.2.0.202001021529/tools/bin/../lib/gcc/arm-none-eabi/9.2.1/../../../../arm-none-eabi/lib/thumb/v6-m/nofp/libcr_nohost_nf.a
LOAD /usr/local/mcuxpressoide-11.2.0_4120/ide/plugins/com.nxp.mcuxpresso.tools.linux_11.2.0.202001021529/tools/bin/../lib/gcc/arm-none-eabi/9.2.1/../../../../arm-none-eabi/lib/thumb/v6-m/nofp/libcr_c.a
LOAD /usr/local/mcuxpressoide-11.2.0_4120/ide/plugins/com.nxp.mcuxpresso.tools.linux_11.2.0.202001021529/tools/bin/../lib/gcc/arm-none-eabi/9.2.1/thumb/v6-m/nofp/libcr_eabihelpers.a
LOAD /usr/local/mcuxpressoide-11.2.0_4120/ide/plugins/com.nxp.mcuxpresso.tools.linux_11.2.0.202001021529/tools/bin/../lib/gcc/arm-none-eabi/9.2.1/thumb/v6-m/nofp/libgcc.a
END GROUP
                0x0000000000000000                __base_PROGRAM_FLASH = 0x0
                0x0000000000000000                __base_Flash = 0x0
                0x0000000000020000                __top_PROGRAM_FLASH = 0x20000
                0x0000000000020000                __top_Flash = 0x20000
                0x000000001ffff000                __base_SRAM = 0x1ffff000
                0x000000001ffff000                __base_RAM = 0x1ffff000
                0x0000000020003000                __top_SRAM = 0x20003000
                0x0000000020003000                __top_RAM = 0x20003000

.text           0x0000000000000000     0x3ef0
 FILL mask 0xff
                0x0000000000000000                __vectors_start__ = ABSOLUTE (.)
 *(SORT_BY_ALIGNMENT(.isr_vector))
 .isr_vector    0x0000000000000000       0xc0 ./startup/startup_mkl25z4.o
                0x0000000000000000                __Vectors
                0x0000000000000000                g_pfnVectors
                0x00000000000000c0                . = ALIGN (0x4)
                0x00000000000000c0                __section_table_start = .
                0x00000000000000c0                __data_section_table = .
                0x00000000000000c0        0x4 LONG 0x3ef0 LOADADDR (.data)
                0x00000000000000c4        0x4 LONG 0x1ffff080 ADDR (.data)
                0x00000000000000c8        0x4 LONG 0x8 SIZEOF (.data)
                0x00000000000000cc                __data_section_table_end = .
                0x00000000000000cc                __bss_section_table = .
                0x00000000000000cc        0x4 LONG 0x1ffff088 ADDR (.bss)
                0x00000000000000d0        0x4 LONG 0x8f8 SIZEOF (.bss)
                0x00000000000000d4                __bss_section_table_end = .
                0x00000000000000d4                __section_table_end = .
 *(SORT_BY_ALIGNMENT(.after_vectors*))
 .after_vectors.reset
                0x00000000000000d4       0x4c ./startup/startup_mkl25z4.o
                0x00000000000000d4                ResetISR
 .after_vectors.init_data
                0x0000000000000120       0x12 ./startup/startup_mkl25z4.o
                0x0000000000000120                data_init
 .after_vectors.init_bss
                0x0000000000000132       0x10 ./startup/startup_mkl25z4.o
                0x0000000000000132                bss_init
 .after_vectors
                0x0000000000000142      0x10c ./startup/startup_mkl25z4.o
                0x0000000000000142                NMI_Handler
                0x0000000000000146                SVC_Handler
                0x0000000000000148                PendSV_Handler
                0x000000000000014a                SysTick_Handler
                0x000000000000014c                PIT_DriverIRQHandler
                0x000000000000014c                Reserved39_DriverIRQHandler
                0x000000000000014c                SPI1_DriverIRQHandler
                0x000000000000014c                LPTMR0_DriverIRQHandler
                0x000000000000014c                TPM2_DriverIRQHandler
                0x000000000000014c                TSI0_DriverIRQHandler
                0x000000000000014c                RTC_Seconds_DriverIRQHandler
                0x000000000000014c                LLWU_DriverIRQHandler
                0x000000000000014c                MCG_DriverIRQHandler
                0x000000000000014c                FTFA_DriverIRQHandler
                0x000000000000014c                IntDefaultHandler
                0x000000000000014c                USB0_DriverIRQHandler
                0x000000000000014c                DAC0_DriverIRQHandler
                0x000000000000014c                LVD_LVW_DriverIRQHandler
                0x000000000000014c                TPM0_DriverIRQHandler
                0x000000000000014c                Reserved20_DriverIRQHandler
                0x000000000000014c                Reserved45_DriverIRQHandler
                0x000000000000014c                PORTA_DriverIRQHandler
                0x000000000000014c                TPM1_DriverIRQHandler
                0x000000000000014c                RTC_DriverIRQHandler
                0x000000000000014c                I2C1_DriverIRQHandler
                0x000000000000014c                SPI0_DriverIRQHandler
                0x000000000000014c                ADC0_DriverIRQHandler
                0x000000000000014c                CMP0_DriverIRQHandler
                0x000000000000014c                PORTD_DriverIRQHandler
                0x000000000000014c                I2C0_DriverIRQHandler
                0x0000000000000156                DMA1_IRQHandler
                0x000000000000015e                DMA2_IRQHandler
                0x0000000000000166                DMA3_IRQHandler
                0x000000000000016e                Reserved20_IRQHandler
                0x0000000000000176                FTFA_IRQHandler
                0x000000000000017e                LVD_LVW_IRQHandler
                0x0000000000000186                LLWU_IRQHandler
                0x000000000000018e                I2C0_IRQHandler
                0x0000000000000196                I2C1_IRQHandler
                0x000000000000019e                SPI0_IRQHandler
                0x00000000000001a6                SPI1_IRQHandler
                0x00000000000001ae                UART0_IRQHandler
                0x00000000000001b6                UART1_IRQHandler
                0x00000000000001be                UART2_IRQHandler
                0x00000000000001c6                ADC0_IRQHandler
                0x00000000000001ce                CMP0_IRQHandler
                0x00000000000001d6                TPM0_IRQHandler
                0x00000000000001de                TPM1_IRQHandler
                0x00000000000001e6                TPM2_IRQHandler
                0x00000000000001ee                RTC_IRQHandler
                0x00000000000001f6                RTC_Seconds_IRQHandler
                0x00000000000001fe                PIT_IRQHandler
                0x0000000000000206                Reserved39_IRQHandler
                0x000000000000020e                USB0_IRQHandler
                0x0000000000000216                DAC0_IRQHandler
                0x000000000000021e                TSI0_IRQHandler
                0x0000000000000226                MCG_IRQHandler
                0x000000000000022e                LPTMR0_IRQHandler
                0x0000000000000236                Reserved45_IRQHandler
                0x000000000000023e                PORTA_IRQHandler
                0x0000000000000246                PORTD_IRQHandler
                0x0000000000000400                . = 0x400
 *fill*         0x000000000000024e      0x1b2 ff
                0x0000000000000400                PROVIDE (__FLASH_CONFIG_START__ = .)
 *(SORT_BY_ALIGNMENT(.FlashConfig))
 .FlashConfig   0x0000000000000400       0x10 ./startup/startup_mkl25z4.o
                0x0000000000000400                Flash_Config
                0x0000000000000410                PROVIDE (__FLASH_CONFIG_END__ = .)
                0x0000000000000001                ASSERT (! ((__FLASH_CONFIG_START__ == __FLASH_CONFIG_END__)), Linker Flash Config Support Enabled, but no .FlashConfig section provided within application)
 *(SORT_BY_ALIGNMENT(.text*))
 .text.DbgConsole_Init
                0x0000000000000410       0xf4 ./utilities/fsl_debug_console.o
                0x0000000000000410                DbgConsole_Init
 .text.DbgConsole_Printf
                0x0000000000000504       0x44 ./utilities/fsl_debug_console.o
                0x0000000000000504                DbgConsole_Printf
 .text.DbgConsole_Putchar
                0x0000000000000548       0x34 ./utilities/fsl_debug_console.o
                0x0000000000000548                DbgConsole_Putchar
 .text.TPM1_Init_
                0x000000000000057c       0x6c ./source/ADC.o
                0x000000000000057c                TPM1_Init_
 .text.ADC_Init_
                0x00000000000005e8       0x4c ./source/ADC.o
                0x00000000000005e8                ADC_Init_
 .text.ADC_Buffer
                0x0000000000000634       0x68 ./source/ADC.o
                0x0000000000000634                ADC_Buffer
 .text.NVIC_EnableIRQ
                0x000000000000069c       0x2c ./source/DAC.o
 .text.NVIC_ClearPendingIRQ
                0x00000000000006c8       0x30 ./source/DAC.o
 .text.NVIC_SetPriority
                0x00000000000006f8       0xdc ./source/DAC.o
 .text.DAC_Init_
                0x00000000000007d4       0x78 ./source/DAC.o
                0x00000000000007d4                DAC_Init_
 .text.DMA_Init_
                0x000000000000084c       0x70 ./source/DAC.o
                0x000000000000084c                DMA_Init_
 .text.TPM0_Init_
                0x00000000000008bc       0x5c ./source/DAC.o
                0x00000000000008bc                TPM0_Init_
 .text.DAC_begin
                0x0000000000000918       0x94 ./source/DAC.o
                0x0000000000000918                DAC_begin
 .text.DMA0_IRQHandler
                0x00000000000009ac       0x70 ./source/DAC.o
                0x00000000000009ac                DMA0_IRQHandler
 .text.main     0x0000000000000a1c      0x130 ./source/Getting In Tune.o
                0x0000000000000a1c                main
 .text.autocorrelate_detect_period
                0x0000000000000b4c      0x190 ./source/autocorrelate.o
                0x0000000000000b4c                autocorrelate_detect_period
 .text.fp_sin   0x0000000000000cdc       0xfc ./source/fp_sine.o
                0x0000000000000cdc                fp_sin
 .text.HardFault_Handler
                0x0000000000000dd8       0x30 ./source/semihost_hardfault.o
                0x0000000000000dd8                HardFault_Handler
 .text.test_sine
                0x0000000000000e08      0x110 ./source/test_sin.o
                0x0000000000000e08                test_sine
 .text.tone_to_samples
                0x0000000000000f18      0x10c ./source/util.o
                0x0000000000000f18                tone_to_samples
 .text.analysis
                0x0000000000001024       0xc8 ./source/util.o
                0x0000000000001024                analysis
 .text.CLOCK_SetEr32kClock
                0x00000000000010ec       0x34 ./drivers/fsl_clock.o
 .text.CLOCK_SetPllFllSelClock
                0x0000000000001120       0x38 ./drivers/fsl_clock.o
 .text.CLOCK_GetMcgExtClkFreq
                0x0000000000001158       0x28 ./drivers/fsl_clock.o
 .text.CLOCK_GetFllExtRefClkFreq
                0x0000000000001180       0xa8 ./drivers/fsl_clock.o
 .text.CLOCK_GetFllRefClkFreq
                0x0000000000001228       0x2c ./drivers/fsl_clock.o
 .text.CLOCK_GetOscRangeFromFreq
                0x0000000000001254       0x4c ./drivers/fsl_clock.o
 .text.CLOCK_GetPllFllSelClkFreq
                0x00000000000012a0       0x4c ./drivers/fsl_clock.o
                0x00000000000012a0                CLOCK_GetPllFllSelClkFreq
 .text.CLOCK_SetSimConfig
                0x00000000000012ec       0x38 ./drivers/fsl_clock.o
                0x00000000000012ec                CLOCK_SetSimConfig
 .text.CLOCK_GetFllFreq
                0x0000000000001324       0x84 ./drivers/fsl_clock.o
                0x0000000000001324                CLOCK_GetFllFreq
 .text.CLOCK_GetPll0Freq
                0x00000000000013a8       0x70 ./drivers/fsl_clock.o
                0x00000000000013a8                CLOCK_GetPll0Freq
 .text.CLOCK_SetInternalRefClkConfig
                0x0000000000001418      0x124 ./drivers/fsl_clock.o
                0x0000000000001418                CLOCK_SetInternalRefClkConfig
 .text.CLOCK_EnablePll0
                0x000000000000153c       0x94 ./drivers/fsl_clock.o
                0x000000000000153c                CLOCK_EnablePll0
 .text.CLOCK_InitOsc0
                0x00000000000015d0       0x94 ./drivers/fsl_clock.o
                0x00000000000015d0                CLOCK_InitOsc0
 .text.CLOCK_SetPbeMode
                0x0000000000001664       0xb0 ./drivers/fsl_clock.o
                0x0000000000001664                CLOCK_SetPbeMode
 .text.CLOCK_BootToPeeMode
                0x0000000000001714       0x70 ./drivers/fsl_clock.o
                0x0000000000001714                CLOCK_BootToPeeMode
 .text.__assertion_failed
                0x0000000000001784       0x1c ./drivers/fsl_common.o
                0x0000000000001784                __assertion_failed
 .text.DMA_ClearChannelStatusFlags
                0x00000000000017a0       0x54 ./drivers/fsl_dma.o
 .text.DMA_HandleIRQ
                0x00000000000017f4       0x4c ./drivers/fsl_dma.o
                0x00000000000017f4                DMA_HandleIRQ
 .text.DMA0_DriverIRQHandler
                0x0000000000001840       0x18 ./drivers/fsl_dma.o
                0x0000000000001840                DMA0_DriverIRQHandler
 .text.DMA1_DriverIRQHandler
                0x0000000000001858       0x18 ./drivers/fsl_dma.o
                0x0000000000001858                DMA1_DriverIRQHandler
 .text.DMA2_DriverIRQHandler
                0x0000000000001870       0x18 ./drivers/fsl_dma.o
                0x0000000000001870                DMA2_DriverIRQHandler
 .text.DMA3_DriverIRQHandler
                0x0000000000001888       0x18 ./drivers/fsl_dma.o
                0x0000000000001888                DMA3_DriverIRQHandler
 .text.CLOCK_EnableClock
                0x00000000000018a0       0x34 ./drivers/fsl_lpsci.o
 .text.LPSCI_GetInstance
                0x00000000000018d4       0x48 ./drivers/fsl_lpsci.o
                0x00000000000018d4                LPSCI_GetInstance
 .text.LPSCI_Init
                0x000000000000191c      0x258 ./drivers/fsl_lpsci.o
                0x000000000000191c                LPSCI_Init
 .text.LPSCI_GetDefaultConfig
                0x0000000000001b74       0x44 ./drivers/fsl_lpsci.o
                0x0000000000001b74                LPSCI_GetDefaultConfig
 .text.LPSCI_ClearStatusFlags
                0x0000000000001bb8       0x94 ./drivers/fsl_lpsci.o
                0x0000000000001bb8                LPSCI_ClearStatusFlags
 .text.LPSCI_WriteBlocking
                0x0000000000001c4c       0x4c ./drivers/fsl_lpsci.o
                0x0000000000001c4c                LPSCI_WriteBlocking
 .text.LPSCI_ReadBlocking
                0x0000000000001c98       0xc0 ./drivers/fsl_lpsci.o
                0x0000000000001c98                LPSCI_ReadBlocking
 .text.UART0_DriverIRQHandler
                0x0000000000001d58       0x24 ./drivers/fsl_lpsci.o
                0x0000000000001d58                UART0_DriverIRQHandler
 .text.CLOCK_EnableClock
                0x0000000000001d7c       0x34 ./drivers/fsl_uart.o
 .text.UART_GetInstance
                0x0000000000001db0       0x54 ./drivers/fsl_uart.o
                0x0000000000001db0                UART_GetInstance
 .text.UART_Init
                0x0000000000001e04      0x1e0 ./drivers/fsl_uart.o
                0x0000000000001e04                UART_Init
 .text.UART_GetDefaultConfig
                0x0000000000001fe4       0x44 ./drivers/fsl_uart.o
                0x0000000000001fe4                UART_GetDefaultConfig
 .text.UART_ReadBlocking
                0x0000000000002028       0x98 ./drivers/fsl_uart.o
                0x0000000000002028                UART_ReadBlocking
 .text.UART1_DriverIRQHandler
                0x00000000000020c0       0x24 ./drivers/fsl_uart.o
                0x00000000000020c0                UART1_DriverIRQHandler
 .text.UART2_DriverIRQHandler
                0x00000000000020e4       0x24 ./drivers/fsl_uart.o
                0x00000000000020e4                UART2_DriverIRQHandler
 .text.CLOCK_SetLpsci0Clock
                0x0000000000002108       0x38 ./board/board.o
 .text.BOARD_InitDebugConsole
                0x0000000000002140       0x30 ./board/board.o
                0x0000000000002140                BOARD_InitDebugConsole
 .text.CLOCK_SetSimSafeDivs
                0x0000000000002170       0x20 ./board/clock_config.o
 .text.CLOCK_SetXtal0Freq
                0x0000000000002190       0x1c ./board/clock_config.o
 .text.CLOCK_CONFIG_SetFllExtRefDiv
                0x00000000000021ac       0x3c ./board/clock_config.o
 .text.BOARD_BootClockRUN
                0x00000000000021e8       0x64 ./board/clock_config.o
                0x00000000000021e8                BOARD_BootClockRUN
 .text.CLOCK_EnableClock
                0x000000000000224c       0x34 ./board/pin_mux.o
 .text.PORT_SetPinMux
                0x0000000000002280       0x40 ./board/pin_mux.o
 .text.BOARD_InitPins
                0x00000000000022c0       0x4c ./board/pin_mux.o
                0x00000000000022c0                BOARD_InitPins
 .text.SystemInit
                0x000000000000230c       0x18 ./CMSIS/system_MKL25Z4.o
                0x000000000000230c                SystemInit
 .text._initio  0x0000000000002324       0x7c /usr/local/mcuxpressoide-11.2.0_4120/ide/plugins/com.nxp.mcuxpresso.tools.linux_11.2.0.202001021529/tools/bin/../lib/gcc/arm-none-eabi/9.2.1/../../../../arm-none-eabi/lib/thumb/v6-m/nofp/libcr_c.a(initio.o)
                0x0000000000002324                _initio
 .text.setvbuf  0x00000000000023a0       0x4c /usr/local/mcuxpressoide-11.2.0_4120/ide/plugins/com.nxp.mcuxpresso.tools.linux_11.2.0.202001021529/tools/bin/../lib/gcc/arm-none-eabi/9.2.1/../../../../arm-none-eabi/lib/thumb/v6-m/nofp/libcr_c.a(setvbuf.o)
                0x00000000000023a0                setvbuf
 .text.strlen   0x00000000000023ec       0x58 /usr/local/mcuxpressoide-11.2.0_4120/ide/plugins/com.nxp.mcuxpresso.tools.linux_11.2.0.202001021529/tools/bin/../lib/gcc/arm-none-eabi/9.2.1/../../../../arm-none-eabi/lib/thumb/v6-m/nofp/libcr_c.a(strlen.o)
                0x00000000000023ec                strlen
 .text._fdopen  0x0000000000002444       0x74 /usr/local/mcuxpressoide-11.2.0_4120/ide/plugins/com.nxp.mcuxpresso.tools.linux_11.2.0.202001021529/tools/bin/../lib/gcc/arm-none-eabi/9.2.1/../../../../arm-none-eabi/lib/thumb/v6-m/nofp/libcr_c.a(_fdopen.o)
                0x0000000000002444                _fdopen
 .text._sincos  0x00000000000024b8      0x1dc /usr/local/mcuxpressoide-11.2.0_4120/ide/plugins/com.nxp.mcuxpresso.tools.linux_11.2.0.202001021529/tools/bin/../lib/gcc/arm-none-eabi/9.2.1/../../../../arm-none-eabi/lib/thumb/v6-m/nofp/libcr_c.a(_sincos.o)
                0x00000000000024b8                _sincos
 .text.fclose   0x0000000000002694       0x5c /usr/local/mcuxpressoide-11.2.0_4120/ide/plugins/com.nxp.mcuxpresso.tools.linux_11.2.0.202001021529/tools/bin/../lib/gcc/arm-none-eabi/9.2.1/../../../../arm-none-eabi/lib/thumb/v6-m/nofp/libcr_c.a(fclose.o)
                0x0000000000002694                fclose
 .text.fflush   0x00000000000026f0       0x44 /usr/local/mcuxpressoide-11.2.0_4120/ide/plugins/com.nxp.mcuxpresso.tools.linux_11.2.0.202001021529/tools/bin/../lib/gcc/arm-none-eabi/9.2.1/../../../../arm-none-eabi/lib/thumb/v6-m/nofp/libcr_c.a(fflush.o)
                0x00000000000026f0                fflush
 .text.fseek    0x0000000000002734       0xf4 /usr/local/mcuxpressoide-11.2.0_4120/ide/plugins/com.nxp.mcuxpresso.tools.linux_11.2.0.202001021529/tools/bin/../lib/gcc/arm-none-eabi/9.2.1/../../../../arm-none-eabi/lib/thumb/v6-m/nofp/libcr_c.a(fseek.o)
                0x0000000000002734                fseek
 .text.ftell    0x0000000000002828       0x48 /usr/local/mcuxpressoide-11.2.0_4120/ide/plugins/com.nxp.mcuxpresso.tools.linux_11.2.0.202001021529/tools/bin/../lib/gcc/arm-none-eabi/9.2.1/../../../../arm-none-eabi/lib/thumb/v6-m/nofp/libcr_c.a(ftell.o)
                0x0000000000002828                ftell
 .text._do_fflush
                0x0000000000002870       0x48 /usr/local/mcuxpressoide-11.2.0_4120/ide/plugins/com.nxp.mcuxpresso.tools.linux_11.2.0.202001021529/tools/bin/../lib/gcc/arm-none-eabi/9.2.1/../../../../arm-none-eabi/lib/thumb/v6-m/nofp/libcr_c.a(_do_fflush.o)
                0x0000000000002870                _do_fflush
 .text._fflush  0x00000000000028b8       0x60 /usr/local/mcuxpressoide-11.2.0_4120/ide/plugins/com.nxp.mcuxpresso.tools.linux_11.2.0.202001021529/tools/bin/../lib/gcc/arm-none-eabi/9.2.1/../../../../arm-none-eabi/lib/thumb/v6-m/nofp/libcr_c.a(_fflush.o)
                0x00000000000028b8                _fflush
 .text._Cwritebuf
                0x0000000000002918       0x68 /usr/local/mcuxpressoide-11.2.0_4120/ide/plugins/com.nxp.mcuxpresso.tools.linux_11.2.0.202001021529/tools/bin/../lib/gcc/arm-none-eabi/9.2.1/../../../../arm-none-eabi/lib/thumb/v6-m/nofp/libcr_c.a(_writebuf.o)
                0x0000000000002918                _Cwritebuf
 .text._deferredlazyseek
                0x0000000000002980       0x40 /usr/local/mcuxpressoide-11.2.0_4120/ide/plugins/com.nxp.mcuxpresso.tools.linux_11.2.0.202001021529/tools/bin/../lib/gcc/arm-none-eabi/9.2.1/../../../../arm-none-eabi/lib/thumb/v6-m/nofp/libcr_c.a(_deferredlazyseek.o)
                0x0000000000002980                _deferredlazyseek
 .text.__aeabi_dmul
                0x00000000000029c0      0x184 /usr/local/mcuxpressoide-11.2.0_4120/ide/plugins/com.nxp.mcuxpresso.tools.linux_11.2.0.202001021529/tools/bin/../lib/gcc/arm-none-eabi/9.2.1/thumb/v6-m/nofp/libcr_eabihelpers.a(double.o)
                0x00000000000029c0                __aeabi_dmul
 .text.__aeabi_ddiv
                0x0000000000002b44      0x150 /usr/local/mcuxpressoide-11.2.0_4120/ide/plugins/com.nxp.mcuxpresso.tools.linux_11.2.0.202001021529/tools/bin/../lib/gcc/arm-none-eabi/9.2.1/thumb/v6-m/nofp/libcr_eabihelpers.a(double.o)
                0x0000000000002b44                __aeabi_ddiv
 .text.__aeabi_dsub
                0x0000000000002c94      0x1e4 /usr/local/mcuxpressoide-11.2.0_4120/ide/plugins/com.nxp.mcuxpresso.tools.linux_11.2.0.202001021529/tools/bin/../lib/gcc/arm-none-eabi/9.2.1/thumb/v6-m/nofp/libcr_eabihelpers.a(double.o)
                0x0000000000002c94                __aeabi_dsub
 .text.__aeabi_dadd
                0x0000000000002e78      0x134 /usr/local/mcuxpressoide-11.2.0_4120/ide/plugins/com.nxp.mcuxpresso.tools.linux_11.2.0.202001021529/tools/bin/../lib/gcc/arm-none-eabi/9.2.1/thumb/v6-m/nofp/libcr_eabihelpers.a(double.o)
                0x0000000000002e78                __aeabi_dadd
 .text.__aeabi_d2iz
                0x0000000000002fac       0x50 /usr/local/mcuxpressoide-11.2.0_4120/ide/plugins/com.nxp.mcuxpresso.tools.linux_11.2.0.202001021529/tools/bin/../lib/gcc/arm-none-eabi/9.2.1/thumb/v6-m/nofp/libcr_eabihelpers.a(double.o)
                0x0000000000002fac                __aeabi_d2iz
 .text.__aeabi_d2uiz
                0x0000000000002ffc       0x38 /usr/local/mcuxpressoide-11.2.0_4120/ide/plugins/com.nxp.mcuxpresso.tools.linux_11.2.0.202001021529/tools/bin/../lib/gcc/arm-none-eabi/9.2.1/thumb/v6-m/nofp/libcr_eabihelpers.a(double.o)
                0x0000000000002ffc                __aeabi_d2uiz
 .text.__aeabi_dcmplt
                0x0000000000003034       0x60 /usr/local/mcuxpressoide-11.2.0_4120/ide/plugins/com.nxp.mcuxpresso.tools.linux_11.2.0.202001021529/tools/bin/../lib/gcc/arm-none-eabi/9.2.1/thumb/v6-m/nofp/libcr_eabihelpers.a(double.o)
                0x0000000000003034                __aeabi_dcmplt
 .text.__aeabi_dcmpgt
                0x0000000000003094       0x5c /usr/local/mcuxpressoide-11.2.0_4120/ide/plugins/com.nxp.mcuxpresso.tools.linux_11.2.0.202001021529/tools/bin/../lib/gcc/arm-none-eabi/9.2.1/thumb/v6-m/nofp/libcr_eabihelpers.a(double.o)
                0x0000000000003094                __aeabi_dcmpgt
 .text.__aeabi_dcmpge
                0x00000000000030f0       0x64 /usr/local/mcuxpressoide-11.2.0_4120/ide/plugins/com.nxp.mcuxpresso.tools.linux_11.2.0.202001021529/tools/bin/../lib/gcc/arm-none-eabi/9.2.1/thumb/v6-m/nofp/libcr_eabihelpers.a(double.o)
                0x00000000000030f0                __aeabi_dcmpge
 .text.UART_EnableTx
                0x0000000000003154       0x40 ./utilities/fsl_debug_console.o
 .text.UART_EnableRx
                0x0000000000003194       0x40 ./utilities/fsl_debug_console.o
 .text.LPSCI_EnableTx
                0x00000000000031d4       0x40 ./utilities/fsl_debug_console.o
 .text.LPSCI_EnableRx
                0x0000000000003214       0x40 ./utilities/fsl_debug_console.o
 .text.DbgConsole_PrintfPaddingCharacter
                0x0000000000003254       0x48 ./utilities/fsl_debug_console.o
 .text.DbgConsole_ConvertRadixNumToString
                0x000000000000329c      0x114 ./utilities/fsl_debug_console.o
 .text.DbgConsole_PrintfFormattedData
                0x00000000000033b0      0x33a ./utilities/fsl_debug_console.o
 .text.interpolate
                0x00000000000036ea       0x48 ./source/fp_sine.o
                0x00000000000036ea                interpolate
 .text.OSC_SetExtRefClkConfig
                0x0000000000003732       0x3e ./drivers/fsl_clock.o
 .text.OSC_SetCapLoad
                0x0000000000003770       0x42 ./drivers/fsl_clock.o
 .text.CLOCK_GetPll0RefFreq
                0x00000000000037b2       0x10 ./drivers/fsl_clock.o
 .text.CLOCK_SetExternalRefClkConfig
                0x00000000000037c2       0x16 ./drivers/fsl_clock.o
                0x00000000000037c2                CLOCK_SetExternalRefClkConfig
 .text.LPSCI_GetStatusFlags
                0x00000000000037d8       0x26 ./drivers/fsl_lpsci.o
                0x00000000000037d8                LPSCI_GetStatusFlags
 .text.UART_GetStatusFlags
                0x00000000000037fe       0x26 ./drivers/fsl_uart.o
                0x00000000000037fe                UART_GetStatusFlags
 .text.UART_WriteBlocking
                0x0000000000003824       0x3c ./drivers/fsl_uart.o
                0x0000000000003824                UART_WriteBlocking
 .text.BOARD_InitBootClocks
                0x0000000000003860        0xe ./board/clock_config.o
                0x0000000000003860                BOARD_InitBootClocks
 .text.BOARD_InitBootPeripherals
                0x000000000000386e        0xa ./board/peripherals.o
                0x000000000000386e                BOARD_InitBootPeripherals
 .text.BOARD_InitBootPins
                0x0000000000003878        0xe ./board/pin_mux.o
                0x0000000000003878                BOARD_InitBootPins
 .text.__main   0x0000000000003886        0xc /usr/local/mcuxpressoide-11.2.0_4120/ide/plugins/com.nxp.mcuxpresso.tools.linux_11.2.0.202001021529/tools/bin/../lib/gcc/arm-none-eabi/9.2.1/../../../../arm-none-eabi/lib/thumb/v6-m/nofp/libcr_nohost_nf.a(_cr__main.o)
                0x0000000000003886                __main
 .text.memcpy   0x0000000000003892        0x8 /usr/local/mcuxpressoide-11.2.0_4120/ide/plugins/com.nxp.mcuxpresso.tools.linux_11.2.0.202001021529/tools/bin/../lib/gcc/arm-none-eabi/9.2.1/../../../../arm-none-eabi/lib/thumb/v6-m/nofp/libcr_c.a(memcpy.o)
                0x0000000000003892                memcpy
 .text.memset   0x000000000000389a        0x8 /usr/local/mcuxpressoide-11.2.0_4120/ide/plugins/com.nxp.mcuxpresso.tools.linux_11.2.0.202001021529/tools/bin/../lib/gcc/arm-none-eabi/9.2.1/../../../../arm-none-eabi/lib/thumb/v6-m/nofp/libcr_c.a(memset.o)
                0x000000000000389a                memset
 .text.sin      0x00000000000038a2       0x36 /usr/local/mcuxpressoide-11.2.0_4120/ide/plugins/com.nxp.mcuxpresso.tools.linux_11.2.0.202001021529/tools/bin/../lib/gcc/arm-none-eabi/9.2.1/../../../../arm-none-eabi/lib/thumb/v6-m/nofp/libcr_c.a(sin.o)
                0x00000000000038a2                sin
 .text.fabs     0x00000000000038d8       0x22 /usr/local/mcuxpressoide-11.2.0_4120/ide/plugins/com.nxp.mcuxpresso.tools.linux_11.2.0.202001021529/tools/bin/../lib/gcc/arm-none-eabi/9.2.1/../../../../arm-none-eabi/lib/thumb/v6-m/nofp/libcr_c.a(fabs.o)
                0x00000000000038d8                fabs
 .text.remove   0x00000000000038fa       0x12 /usr/local/mcuxpressoide-11.2.0_4120/ide/plugins/com.nxp.mcuxpresso.tools.linux_11.2.0.202001021529/tools/bin/../lib/gcc/arm-none-eabi/9.2.1/../../../../arm-none-eabi/lib/thumb/v6-m/nofp/libcr_c.a(remove.o)
                0x00000000000038fa                remove
 .text.free     0x000000000000390c       0x2c /usr/local/mcuxpressoide-11.2.0_4120/ide/plugins/com.nxp.mcuxpresso.tools.linux_11.2.0.202001021529/tools/bin/../lib/gcc/arm-none-eabi/9.2.1/../../../../arm-none-eabi/lib/thumb/v6-m/nofp/libcr_c.a(alloc.o)
                0x000000000000390c                free
 .text.__aeabi_division_idivmod
                0x0000000000003938       0x78 /usr/local/mcuxpressoide-11.2.0_4120/ide/plugins/com.nxp.mcuxpresso.tools.linux_11.2.0.202001021529/tools/bin/../lib/gcc/arm-none-eabi/9.2.1/thumb/v6-m/nofp/libcr_eabihelpers.a(division_32.o)
                0x0000000000003938                __aeabi_idiv
                0x0000000000003938                __aeabi_idivmod
                0x000000000000393e                __aeabi_uidiv
                0x000000000000393e                __aeabi_uidivmod
 .text.__aeabi_division_idiv0
                0x00000000000039b0        0x2 /usr/local/mcuxpressoide-11.2.0_4120/ide/plugins/com.nxp.mcuxpresso.tools.linux_11.2.0.202001021529/tools/bin/../lib/gcc/arm-none-eabi/9.2.1/thumb/v6-m/nofp/libcr_eabihelpers.a(division_idiv0.o)
                0x00000000000039b0                __aeabi_idiv0
 .text.__bhs_ui2d
                0x00000000000039b2       0x5e /usr/local/mcuxpressoide-11.2.0_4120/ide/plugins/com.nxp.mcuxpresso.tools.linux_11.2.0.202001021529/tools/bin/../lib/gcc/arm-none-eabi/9.2.1/thumb/v6-m/nofp/libcr_eabihelpers.a(double.o)
                0x00000000000039b2                __bhs_ui2d
 .text.__aeabi_i2d
                0x0000000000003a10       0x18 /usr/local/mcuxpressoide-11.2.0_4120/ide/plugins/com.nxp.mcuxpresso.tools.linux_11.2.0.202001021529/tools/bin/../lib/gcc/arm-none-eabi/9.2.1/thumb/v6-m/nofp/libcr_eabihelpers.a(double.o)
                0x0000000000003a10                __aeabi_i2d
 .text.__aeabi_llong_lmul
                0x0000000000003a28       0x2e /usr/local/mcuxpressoide-11.2.0_4120/ide/plugins/com.nxp.mcuxpresso.tools.linux_11.2.0.202001021529/tools/bin/../lib/gcc/arm-none-eabi/9.2.1/thumb/v6-m/nofp/libcr_eabihelpers.a(llong.o)
                0x0000000000003a28                __aeabi_lmul
 .text.__aeabi_memcpy
                0x0000000000003a56       0x2c /usr/local/mcuxpressoide-11.2.0_4120/ide/plugins/com.nxp.mcuxpresso.tools.linux_11.2.0.202001021529/tools/bin/../lib/gcc/arm-none-eabi/9.2.1/thumb/v6-m/nofp/libcr_eabihelpers.a(memcpy.o)
                0x0000000000003a56                __aeabi_memcpy
                0x0000000000003a56                __aeabi_memcpy4
                0x0000000000003a56                __aeabi_memcpy8
 .text.__aeabi_memset_lowlevel
                0x0000000000003a82       0x2a /usr/local/mcuxpressoide-11.2.0_4120/ide/plugins/com.nxp.mcuxpresso.tools.linux_11.2.0.202001021529/tools/bin/../lib/gcc/arm-none-eabi/9.2.1/thumb/v6-m/nofp/libcr_eabihelpers.a(memcpy.o)
                0x0000000000003a82                __aeabi_lowlevel_memset
 .text.__sys_close
                0x0000000000003aac        0x6 /usr/local/mcuxpressoide-11.2.0_4120/ide/plugins/com.nxp.mcuxpresso.tools.linux_11.2.0.202001021529/tools/bin/../lib/gcc/arm-none-eabi/9.2.1/../../../../arm-none-eabi/lib/thumb/v6-m/nofp/libcr_nohost_nf.a(__sys_close.o)
                0x0000000000003aac                __sys_close
 .text.__sys_flen
                0x0000000000003ab2        0x6 /usr/local/mcuxpressoide-11.2.0_4120/ide/plugins/com.nxp.mcuxpresso.tools.linux_11.2.0.202001021529/tools/bin/../lib/gcc/arm-none-eabi/9.2.1/../../../../arm-none-eabi/lib/thumb/v6-m/nofp/libcr_nohost_nf.a(__sys_flen.o)
                0x0000000000003ab2                __sys_flen
 .text.__sys_istty
                0x0000000000003ab8        0x6 /usr/local/mcuxpressoide-11.2.0_4120/ide/plugins/com.nxp.mcuxpresso.tools.linux_11.2.0.202001021529/tools/bin/../lib/gcc/arm-none-eabi/9.2.1/../../../../arm-none-eabi/lib/thumb/v6-m/nofp/libcr_nohost_nf.a(__sys_istty.o)
                0x0000000000003ab8                __sys_istty
 .text.__sys_remove
                0x0000000000003abe        0x6 /usr/local/mcuxpressoide-11.2.0_4120/ide/plugins/com.nxp.mcuxpresso.tools.linux_11.2.0.202001021529/tools/bin/../lib/gcc/arm-none-eabi/9.2.1/../../../../arm-none-eabi/lib/thumb/v6-m/nofp/libcr_nohost_nf.a(__sys_remove.o)
                0x0000000000003abe                __sys_remove
 .text.__sys_seek
                0x0000000000003ac4        0x6 /usr/local/mcuxpressoide-11.2.0_4120/ide/plugins/com.nxp.mcuxpresso.tools.linux_11.2.0.202001021529/tools/bin/../lib/gcc/arm-none-eabi/9.2.1/../../../../arm-none-eabi/lib/thumb/v6-m/nofp/libcr_nohost_nf.a(__sys_seek.o)
                0x0000000000003ac4                __sys_seek
 .text.__sys_tmpnam
                0x0000000000003aca        0x6 /usr/local/mcuxpressoide-11.2.0_4120/ide/plugins/com.nxp.mcuxpresso.tools.linux_11.2.0.202001021529/tools/bin/../lib/gcc/arm-none-eabi/9.2.1/../../../../arm-none-eabi/lib/thumb/v6-m/nofp/libcr_nohost_nf.a(__sys_tmpnam.o)
                0x0000000000003aca                __sys_tmpnam
 .text.__sys_write
                0x0000000000003ad0        0x4 /usr/local/mcuxpressoide-11.2.0_4120/ide/plugins/com.nxp.mcuxpresso.tools.linux_11.2.0.202001021529/tools/bin/../lib/gcc/arm-none-eabi/9.2.1/../../../../arm-none-eabi/lib/thumb/v6-m/nofp/libcr_nohost_nf.a(__sys_write.o)
                0x0000000000003ad0                __sys_write
 *(SORT_BY_ALIGNMENT(.rodata) SORT_BY_ALIGNMENT(.rodata.*) SORT_BY_ALIGNMENT(.constdata) SORT_BY_ALIGNMENT(.constdata.*))
 .rodata.main.str1.4
                0x0000000000003ad4       0x63 ./source/Getting In Tune.o
 *fill*         0x0000000000003b37        0x1 ff
 .rodata        0x0000000000003b38       0x10 ./source/Getting In Tune.o
 .rodata.sin_lookup
                0x0000000000003b48       0x42 ./source/fp_sine.o
 *fill*         0x0000000000003b8a        0x2 ff
 .rodata.fp_sin.str1.4
                0x0000000000003b8c       0x24 ./source/fp_sine.o
 .rodata.test_sine.str1.4
                0x0000000000003bb0       0x16 ./source/test_sin.o
 *fill*         0x0000000000003bc6        0x2 ff
 .rodata.tone_to_samples.str1.4
                0x0000000000003bc8       0x41 ./source/util.o
 *fill*         0x0000000000003c09        0x3 ff
 .rodata.analysis.str1.4
                0x0000000000003c0c       0x31 ./source/util.o
 *fill*         0x0000000000003c3d        0x3 ff
 .rodata.CLOCK_GetMcgExtClkFreq.str1.4
                0x0000000000003c40       0x1f ./drivers/fsl_clock.o
 *fill*         0x0000000000003c5f        0x1 ff
 .rodata.CLOCK_GetPll0Freq.str1.4
                0x0000000000003c60       0x1e ./drivers/fsl_clock.o
 *fill*         0x0000000000003c7e        0x2 ff
 .rodata.CLOCK_EnablePll0.str1.4
                0x0000000000003c80       0x1a ./drivers/fsl_clock.o
 *fill*         0x0000000000003c9a        0x2 ff
 .rodata.CLOCK_SetPbeMode.str1.4
                0x0000000000003c9c       0x1b ./drivers/fsl_clock.o
 *fill*         0x0000000000003cb7        0x1 ff
 .rodata.CLOCK_BootToPeeMode.str1.4
                0x0000000000003cb8       0x1b ./drivers/fsl_clock.o
 *fill*         0x0000000000003cd3        0x1 ff
 .rodata.fllFactorTable.5210
                0x0000000000003cd4       0x10 ./drivers/fsl_clock.o
 .rodata.__assertion_failed.str1.4
                0x0000000000003ce4        0x4 ./drivers/fsl_common.o
 .rodata.DMA_ClearChannelStatusFlags.str1.4
                0x0000000000003ce8       0x3d ./drivers/fsl_dma.o
 *fill*         0x0000000000003d25        0x3 ff
 .rodata.DMA_HandleIRQ.str1.4
                0x0000000000003d28       0x20 ./drivers/fsl_dma.o
 .rodata.LPSCI_GetInstance.str1.4
                0x0000000000003d48       0x37 ./drivers/fsl_lpsci.o
 *fill*         0x0000000000003d7f        0x1 ff
 .rodata.LPSCI_Init.str1.4
                0x0000000000003d80       0x44 ./drivers/fsl_lpsci.o
 .rodata.LPSCI_GetDefaultConfig.str1.4
                0x0000000000003dc4       0x1a ./drivers/fsl_lpsci.o
 *fill*         0x0000000000003dde        0x2 ff
 .rodata.LPSCI_WriteBlocking.str1.4
                0x0000000000003de0       0x18 ./drivers/fsl_lpsci.o
 .rodata.LPSCI_ReadBlocking.str1.4
                0x0000000000003df8       0x18 ./drivers/fsl_lpsci.o
 .rodata.s_uartBases
                0x0000000000003e10        0xc ./drivers/fsl_uart.o
 .rodata.s_uartClock
                0x0000000000003e1c        0xc ./drivers/fsl_uart.o
 .rodata.UART_GetInstance.str1.4
                0x0000000000003e28       0x2c ./drivers/fsl_uart.o
 .rodata.UART_Init.str1.4
                0x0000000000003e54       0x43 ./drivers/fsl_uart.o
 *fill*         0x0000000000003e97        0x1 ff
 .rodata.UART_GetDefaultConfig.str1.4
                0x0000000000003e98       0x19 ./drivers/fsl_uart.o
 *fill*         0x0000000000003eb1        0x3 ff
 .rodata.UART_ReadBlocking.str1.4
                0x0000000000003eb4       0x17 ./drivers/fsl_uart.o
 *fill*         0x0000000000003ecb        0x1 ff
 .rodata.mcgConfig_BOARD_BootClockRUN
                0x0000000000003ecc        0xa ./board/clock_config.o
                0x0000000000003ecc                mcgConfig_BOARD_BootClockRUN
 *fill*         0x0000000000003ed6        0x2 ff
 .rodata.simConfig_BOARD_BootClockRUN
                0x0000000000003ed8        0x8 ./board/clock_config.o
                0x0000000000003ed8                simConfig_BOARD_BootClockRUN
 .rodata.oscConfig_BOARD_BootClockRUN
                0x0000000000003ee0        0x8 ./board/clock_config.o
                0x0000000000003ee0                oscConfig_BOARD_BootClockRUN
 .rodata.__num_Ciob_streams
                0x0000000000003ee8        0x4 /usr/local/mcuxpressoide-11.2.0_4120/ide/plugins/com.nxp.mcuxpresso.tools.linux_11.2.0.202001021529/tools/bin/../lib/gcc/arm-none-eabi/9.2.1/../../../../arm-none-eabi/lib/thumb/v6-m/nofp/libcr_nohost_nf.a(__ciob.o)
                0x0000000000003ee8                __num_Ciob_streams
 .rodata._initio.str1.1
                0x0000000000003eec        0x4 /usr/local/mcuxpressoide-11.2.0_4120/ide/plugins/com.nxp.mcuxpresso.tools.linux_11.2.0.202001021529/tools/bin/../lib/gcc/arm-none-eabi/9.2.1/../../../../arm-none-eabi/lib/thumb/v6-m/nofp/libcr_c.a(initio.o)
                0x0000000000003ef0                . = ALIGN (0x4)

.glue_7         0x0000000000003ef0        0x0
 .glue_7        0x0000000000003ef0        0x0 linker stubs

.glue_7t        0x0000000000003ef0        0x0
 .glue_7t       0x0000000000003ef0        0x0 linker stubs

.vfp11_veneer   0x0000000000003ef0        0x0
 .vfp11_veneer  0x0000000000003ef0        0x0 linker stubs

.v4_bx          0x0000000000003ef0        0x0
 .v4_bx         0x0000000000003ef0        0x0 linker stubs

.iplt           0x0000000000003ef0        0x0
 .iplt          0x0000000000003ef0        0x0 ./utilities/fsl_debug_console.o

.rel.dyn        0x0000000000003ef0        0x0
 .rel.iplt      0x0000000000003ef0        0x0 ./utilities/fsl_debug_console.o

.ARM.extab
 *(SORT_BY_ALIGNMENT(.ARM.extab*) SORT_BY_ALIGNMENT(.gnu.linkonce.armextab.*))

.ARM.exidx      0x0000000000003ef0        0x0
                0x0000000000003ef0                __exidx_start = .
 *(SORT_BY_ALIGNMENT(.ARM.exidx*) SORT_BY_ALIGNMENT(.gnu.linkonce.armexidx.*))
                0x0000000000003ef0                __exidx_end = .
                0x0000000000003ef0                _etext = .

.m_usb_data
 *(SORT_BY_ALIGNMENT(m_usb_bdt))

.mtb_buffer_default
                0x000000001ffff000       0x80
 *(SORT_BY_ALIGNMENT(.mtb*))
 .mtb.$RAM1     0x000000001ffff000       0x80 ./source/mtb.o
                0x000000001ffff000                __mtb_buffer__

.uninit_RESERVED
                0x000000001ffff080        0x0
                0x000000001ffff080                _start_uninit_RESERVED = .
 *(SORT_BY_ALIGNMENT(.bss.$RESERVED*))
                0x000000001ffff080                . = ALIGN (0x4)
                0x000000001ffff080                _end_uninit_RESERVED = .

.data           0x000000001ffff080        0x8 load address 0x0000000000003ef0
 FILL mask 0xff
                0x000000001ffff080                _data = .
                [!provide]                        PROVIDE (__start_data_RAM = .)
                [!provide]                        PROVIDE (__start_data_SRAM = .)
 *(SORT_BY_ALIGNMENT(vtable))
 *(SORT_BY_ALIGNMENT(.ramfunc*))
 *(SORT_BY_ALIGNMENT(CodeQuickAccess))
 *(SORT_BY_ALIGNMENT(DataQuickAccess))
 *(SORT_BY_ALIGNMENT(RamFunction))
 *(SORT_BY_ALIGNMENT(.data*))
 .data.s_slowIrcFreq
                0x000000001ffff080        0x4 ./drivers/fsl_clock.o
 .data.SystemCoreClock
                0x000000001ffff084        0x4 ./CMSIS/system_MKL25Z4.o
                0x000000001ffff084                SystemCoreClock
                0x000000001ffff088                . = ALIGN (0x4)
                0x000000001ffff088                _edata = .
                [!provide]                        PROVIDE (__end_data_RAM = .)
                [!provide]                        PROVIDE (__end_data_SRAM = .)

.igot.plt       0x000000001ffff088        0x0 load address 0x0000000000003ef8
 .igot.plt      0x000000001ffff088        0x0 ./utilities/fsl_debug_console.o

.bss            0x000000001ffff088      0x8f8
                0x000000001ffff088                _bss = .
                [!provide]                        PROVIDE (__start_bss_RAM = .)
                [!provide]                        PROVIDE (__start_bss_SRAM = .)
 *(SORT_BY_ALIGNMENT(.bss*))
 .bss.s_debugConsole
                0x000000001ffff088       0x10 ./utilities/fsl_debug_console.o
 .bss.buffer    0x000000001ffff098      0x800 ./source/DAC.o
 .bss.count     0x000000001ffff898        0x4 ./source/DAC.o
 .bss.g_xtal0Freq
                0x000000001ffff89c        0x4 ./drivers/fsl_clock.o
                0x000000001ffff89c                g_xtal0Freq
 .bss.s_DMAHandle
                0x000000001ffff8a0       0x10 ./drivers/fsl_dma.o
 .bss.s_lpsciHandle
                0x000000001ffff8b0        0x4 ./drivers/fsl_lpsci.o
 .bss.s_lpsciIsr
                0x000000001ffff8b4        0x4 ./drivers/fsl_lpsci.o
 .bss.s_uartHandle
                0x000000001ffff8b8        0xc ./drivers/fsl_uart.o
 .bss.s_uartIsr
                0x000000001ffff8c4        0x4 ./drivers/fsl_uart.o
 .bss.errno     0x000000001ffff8c8        0x4 /usr/local/mcuxpressoide-11.2.0_4120/ide/plugins/com.nxp.mcuxpresso.tools.linux_11.2.0.202001021529/tools/bin/../lib/gcc/arm-none-eabi/9.2.1/../../../../arm-none-eabi/lib/thumb/v6-m/nofp/libcr_c.a(errno.o)
                0x000000001ffff8c8                errno
 .bss.__Ciob    0x000000001ffff8cc       0xb4 /usr/local/mcuxpressoide-11.2.0_4120/ide/plugins/com.nxp.mcuxpresso.tools.linux_11.2.0.202001021529/tools/bin/../lib/gcc/arm-none-eabi/9.2.1/../../../../arm-none-eabi/lib/thumb/v6-m/nofp/libcr_nohost_nf.a(__ciob.o)
                0x000000001ffff8cc                __Ciob
 *(SORT_BY_ALIGNMENT(COMMON))
                0x000000001ffff980                . = ALIGN (0x4)
                0x000000001ffff980                _ebss = .
                [!provide]                        PROVIDE (__end_bss_RAM = .)
                [!provide]                        PROVIDE (__end_bss_SRAM = .)
                [!provide]                        PROVIDE (end = .)

.noinit         0x000000001ffff980        0x0
                0x000000001ffff980                _noinit = .
                [!provide]                        PROVIDE (__start_noinit_RAM = .)
                [!provide]                        PROVIDE (__start_noinit_SRAM = .)
 *(SORT_BY_ALIGNMENT(.noinit*))
                0x000000001ffff980                . = ALIGN (0x4)
                0x000000001ffff980                _end_noinit = .
                [!provide]                        PROVIDE (__end_noinit_RAM = .)
                [!provide]                        PROVIDE (__end_noinit_SRAM = .)
                0x0000000000000400                _HeapSize = 0x400

.heap           0x000000001ffff980      0x400
                0x000000001ffff980                _pvHeapStart = .
                0x000000001ffffd80                . = (. + _HeapSize)
 *fill*         0x000000001ffff980      0x400 
                0x000000001ffffd80                . = ALIGN (0x4)
                0x000000001ffffd80                _pvHeapLimit = .
                0x0000000000000400                _StackSize = 0x400

.heap2stackfill
                0x000000001ffffd80      0x400
                0x0000000020000180                . = (. + _StackSize)
 *fill*         0x000000001ffffd80      0x400 

.stack          0x0000000020002c00        0x0
                0x0000000020002c00                _vStackBase = .
                0x0000000020002c00                . = ALIGN (0x4)
                0x0000000020003000                _vStackTop = (. + _StackSize)
                0x0000000000000000                _image_start = LOADADDR (.text)
                0x0000000000003ef8                _image_end = (LOADADDR (.data) + SIZEOF (.data))
                0x0000000000003ef8                _image_size = (_image_end - _image_start)
OUTPUT(Getting In Tune.axf elf32-littlearm)

.debug_info     0x0000000000000000     0xa870
 .debug_info    0x0000000000000000      0xe72 ./utilities/fsl_debug_console.o
 .debug_info    0x0000000000000e72      0x4df ./startup/startup_mkl25z4.o
 .debug_info    0x0000000000001351      0x6f8 ./source/ADC.o
 .debug_info    0x0000000000001a49      0xb17 ./source/DAC.o
 .debug_info    0x0000000000002560      0x58f ./source/Getting In Tune.o
 .debug_info    0x0000000000002aef      0x1ce ./source/autocorrelate.o
 .debug_info    0x0000000000002cbd      0x30c ./source/fp_sine.o
 .debug_info    0x0000000000002fc9       0x53 ./source/mtb.o
 .debug_info    0x000000000000301c       0x3c ./source/semihost_hardfault.o
 .debug_info    0x0000000000003058      0x25b ./source/test_sin.o
 .debug_info    0x00000000000032b3      0x30f ./source/util.o
 .debug_info    0x00000000000035c2     0x1a97 ./drivers/fsl_clock.o
 .debug_info    0x0000000000005059      0x444 ./drivers/fsl_common.o
 .debug_info    0x000000000000549d      0xf4e ./drivers/fsl_dma.o
 .debug_info    0x00000000000063eb     0x1469 ./drivers/fsl_lpsci.o
 .debug_info    0x0000000000007854     0x140a ./drivers/fsl_uart.o
 .debug_info    0x0000000000008c5e      0x6fa ./board/board.o
 .debug_info    0x0000000000009358      0xb00 ./board/clock_config.o
 .debug_info    0x0000000000009e58       0x3c ./board/peripherals.o
 .debug_info    0x0000000000009e94      0x5a3 ./board/pin_mux.o
 .debug_info    0x000000000000a437      0x439 ./CMSIS/system_MKL25Z4.o

.debug_abbrev   0x0000000000000000     0x240c
 .debug_abbrev  0x0000000000000000      0x2d7 ./utilities/fsl_debug_console.o
 .debug_abbrev  0x00000000000002d7      0x18d ./startup/startup_mkl25z4.o
 .debug_abbrev  0x0000000000000464      0x192 ./source/ADC.o
 .debug_abbrev  0x00000000000005f6      0x24c ./source/DAC.o
 .debug_abbrev  0x0000000000000842      0x162 ./source/Getting In Tune.o
 .debug_abbrev  0x00000000000009a4       0xf4 ./source/autocorrelate.o
 .debug_abbrev  0x0000000000000a98      0x11f ./source/fp_sine.o
 .debug_abbrev  0x0000000000000bb7       0x46 ./source/mtb.o
 .debug_abbrev  0x0000000000000bfd       0x31 ./source/semihost_hardfault.o
 .debug_abbrev  0x0000000000000c2e       0xe5 ./source/test_sin.o
 .debug_abbrev  0x0000000000000d13      0x116 ./source/util.o
 .debug_abbrev  0x0000000000000e29      0x36f ./drivers/fsl_clock.o
 .debug_abbrev  0x0000000000001198      0x275 ./drivers/fsl_common.o
 .debug_abbrev  0x000000000000140d      0x2ec ./drivers/fsl_dma.o
 .debug_abbrev  0x00000000000016f9      0x309 ./drivers/fsl_lpsci.o
 .debug_abbrev  0x0000000000001a02      0x323 ./drivers/fsl_uart.o
 .debug_abbrev  0x0000000000001d25      0x185 ./board/board.o
 .debug_abbrev  0x0000000000001eaa      0x220 ./board/clock_config.o
 .debug_abbrev  0x00000000000020ca       0x31 ./board/peripherals.o
 .debug_abbrev  0x00000000000020fb      0x1bb ./board/pin_mux.o
 .debug_abbrev  0x00000000000022b6      0x156 ./CMSIS/system_MKL25Z4.o

.debug_aranges  0x0000000000000000      0x990
 .debug_aranges
                0x0000000000000000       0x90 ./utilities/fsl_debug_console.o
 .debug_aranges
                0x0000000000000090      0x160 ./startup/startup_mkl25z4.o
 .debug_aranges
                0x00000000000001f0       0x30 ./source/ADC.o
 .debug_aranges
                0x0000000000000220       0x58 ./source/DAC.o
 .debug_aranges
                0x0000000000000278       0x20 ./source/Getting In Tune.o
 .debug_aranges
                0x0000000000000298       0x20 ./source/autocorrelate.o
 .debug_aranges
                0x00000000000002b8       0x30 ./source/fp_sine.o
 .debug_aranges
                0x00000000000002e8       0x18 ./source/mtb.o
 .debug_aranges
                0x0000000000000300       0x20 ./source/semihost_hardfault.o
 .debug_aranges
                0x0000000000000320       0x20 ./source/test_sin.o
 .debug_aranges
                0x0000000000000340       0x28 ./source/util.o
 .debug_aranges
                0x0000000000000368      0x1d8 ./drivers/fsl_clock.o
 .debug_aranges
                0x0000000000000540       0x38 ./drivers/fsl_common.o
 .debug_aranges
                0x0000000000000578       0xd0 ./drivers/fsl_dma.o
 .debug_aranges
                0x0000000000000648      0x118 ./drivers/fsl_lpsci.o
 .debug_aranges
                0x0000000000000760      0x130 ./drivers/fsl_uart.o
 .debug_aranges
                0x0000000000000890       0x28 ./board/board.o
 .debug_aranges
                0x00000000000008b8       0x58 ./board/clock_config.o
 .debug_aranges
                0x0000000000000910       0x20 ./board/peripherals.o
 .debug_aranges
                0x0000000000000930       0x38 ./board/pin_mux.o
 .debug_aranges
                0x0000000000000968       0x28 ./CMSIS/system_MKL25Z4.o

.debug_ranges   0x0000000000000000      0x838
 .debug_ranges  0x0000000000000000       0x80 ./utilities/fsl_debug_console.o
 .debug_ranges  0x0000000000000080      0x150 ./startup/startup_mkl25z4.o
 .debug_ranges  0x00000000000001d0       0x20 ./source/ADC.o
 .debug_ranges  0x00000000000001f0       0x48 ./source/DAC.o
 .debug_ranges  0x0000000000000238       0x10 ./source/Getting In Tune.o
 .debug_ranges  0x0000000000000248       0x10 ./source/autocorrelate.o
 .debug_ranges  0x0000000000000258       0x20 ./source/fp_sine.o
 .debug_ranges  0x0000000000000278       0x10 ./source/semihost_hardfault.o
 .debug_ranges  0x0000000000000288       0x10 ./source/test_sin.o
 .debug_ranges  0x0000000000000298       0x18 ./source/util.o
 .debug_ranges  0x00000000000002b0      0x1c8 ./drivers/fsl_clock.o
 .debug_ranges  0x0000000000000478       0x28 ./drivers/fsl_common.o
 .debug_ranges  0x00000000000004a0       0xc0 ./drivers/fsl_dma.o
 .debug_ranges  0x0000000000000560      0x108 ./drivers/fsl_lpsci.o
 .debug_ranges  0x0000000000000668      0x120 ./drivers/fsl_uart.o
 .debug_ranges  0x0000000000000788       0x18 ./board/board.o
 .debug_ranges  0x00000000000007a0       0x48 ./board/clock_config.o
 .debug_ranges  0x00000000000007e8       0x10 ./board/peripherals.o
 .debug_ranges  0x00000000000007f8       0x28 ./board/pin_mux.o
 .debug_ranges  0x0000000000000820       0x18 ./CMSIS/system_MKL25Z4.o

.debug_macro    0x0000000000000000     0x927b
 .debug_macro   0x0000000000000000      0x127 ./utilities/fsl_debug_console.o
 .debug_macro   0x0000000000000127      0xaa2 ./utilities/fsl_debug_console.o
 .debug_macro   0x0000000000000bc9       0x10 ./utilities/fsl_debug_console.o
 .debug_macro   0x0000000000000bd9       0x16 ./utilities/fsl_debug_console.o
 .debug_macro   0x0000000000000bef       0x10 ./utilities/fsl_debug_console.o
 .debug_macro   0x0000000000000bff      0x12e ./utilities/fsl_debug_console.o
 .debug_macro   0x0000000000000d2d       0x28 ./utilities/fsl_debug_console.o
 .debug_macro   0x0000000000000d55       0xc4 ./utilities/fsl_debug_console.o
 .debug_macro   0x0000000000000e19       0x16 ./utilities/fsl_debug_console.o
 .debug_macro   0x0000000000000e2f       0x22 ./utilities/fsl_debug_console.o
 .debug_macro   0x0000000000000e51      0x5b3 ./utilities/fsl_debug_console.o
 .debug_macro   0x0000000000001404       0x10 ./utilities/fsl_debug_console.o
 .debug_macro   0x0000000000001414       0x3f ./utilities/fsl_debug_console.o
 .debug_macro   0x0000000000001453       0x3a ./utilities/fsl_debug_console.o
 .debug_macro   0x000000000000148d       0x26 ./utilities/fsl_debug_console.o
 .debug_macro   0x00000000000014b3      0x329 ./utilities/fsl_debug_console.o
 .debug_macro   0x00000000000017dc       0x30 ./utilities/fsl_debug_console.o
 .debug_macro   0x000000000000180c     0x51e2 ./utilities/fsl_debug_console.o
 .debug_macro   0x00000000000069ee     0x1352 ./utilities/fsl_debug_console.o
 .debug_macro   0x0000000000007d40       0x3a ./utilities/fsl_debug_console.o
 .debug_macro   0x0000000000007d7a       0xf4 ./utilities/fsl_debug_console.o
 .debug_macro   0x0000000000007e6e       0x35 ./utilities/fsl_debug_console.o
 .debug_macro   0x0000000000007ea3       0x2e ./utilities/fsl_debug_console.o
 .debug_macro   0x0000000000007ed1       0x10 ./utilities/fsl_debug_console.o
 .debug_macro   0x0000000000007ee1       0x10 ./utilities/fsl_debug_console.o
 .debug_macro   0x0000000000007ef1       0x29 ./startup/startup_mkl25z4.o
 .debug_macro   0x0000000000007f1a       0xad ./source/ADC.o
 .debug_macro   0x0000000000007fc7       0x34 ./source/ADC.o
 .debug_macro   0x0000000000007ffb       0xd8 ./source/ADC.o
 .debug_macro   0x00000000000080d3       0x1c ./source/ADC.o
 .debug_macro   0x00000000000080ef       0xbe ./source/DAC.o
 .debug_macro   0x00000000000081ad       0x10 ./source/DAC.o
 .debug_macro   0x00000000000081bd      0x180 ./source/Getting In Tune.o
 .debug_macro   0x000000000000833d       0x16 ./source/Getting In Tune.o
 .debug_macro   0x0000000000008353       0x10 ./source/Getting In Tune.o
 .debug_macro   0x0000000000008363      0x112 ./source/Getting In Tune.o
 .debug_macro   0x0000000000008475       0x34 ./source/Getting In Tune.o
 .debug_macro   0x00000000000084a9       0x22 ./source/Getting In Tune.o
 .debug_macro   0x00000000000084cb       0x16 ./source/Getting In Tune.o
 .debug_macro   0x00000000000084e1       0x58 ./source/autocorrelate.o
 .debug_macro   0x0000000000008539       0xb9 ./source/fp_sine.o
 .debug_macro   0x00000000000085f2       0x1c ./source/fp_sine.o
 .debug_macro   0x000000000000860e       0x2f ./source/mtb.o
 .debug_macro   0x000000000000863d       0x82 ./source/mtb.o
 .debug_macro   0x00000000000086bf       0x10 ./source/mtb.o
 .debug_macro   0x00000000000086cf       0x11 ./source/semihost_hardfault.o
 .debug_macro   0x00000000000086e0      0x11a ./source/test_sin.o
 .debug_macro   0x00000000000087fa      0x137 ./source/util.o
 .debug_macro   0x0000000000008931      0x196 ./drivers/fsl_clock.o
 .debug_macro   0x0000000000008ac7       0xef ./drivers/fsl_common.o
 .debug_macro   0x0000000000008bb6       0xec ./drivers/fsl_dma.o
 .debug_macro   0x0000000000008ca2       0xec ./drivers/fsl_lpsci.o
 .debug_macro   0x0000000000008d8e       0xf2 ./drivers/fsl_uart.o
 .debug_macro   0x0000000000008e80      0x112 ./board/board.o
 .debug_macro   0x0000000000008f92      0x123 ./board/clock_config.o
 .debug_macro   0x00000000000090b5       0x1b ./board/peripherals.o
 .debug_macro   0x00000000000090d0      0x107 ./board/pin_mux.o
 .debug_macro   0x00000000000091d7       0x10 ./board/pin_mux.o
 .debug_macro   0x00000000000091e7       0x94 ./CMSIS/system_MKL25Z4.o

.debug_line     0x0000000000000000     0x6e57
 .debug_line    0x0000000000000000      0xc58 ./utilities/fsl_debug_console.o
 .debug_line    0x0000000000000c58      0x1e7 ./startup/startup_mkl25z4.o
 .debug_line    0x0000000000000e3f      0x2f8 ./source/ADC.o
 .debug_line    0x0000000000001137      0x3e0 ./source/DAC.o
 .debug_line    0x0000000000001517      0x432 ./source/Getting In Tune.o
 .debug_line    0x0000000000001949      0x2bd ./source/autocorrelate.o
 .debug_line    0x0000000000001c06      0x2d7 ./source/fp_sine.o
 .debug_line    0x0000000000001edd       0xd5 ./source/mtb.o
 .debug_line    0x0000000000001fb2       0x59 ./source/semihost_hardfault.o
 .debug_line    0x000000000000200b      0x36d ./source/test_sin.o
 .debug_line    0x0000000000002378      0x41f ./source/util.o
 .debug_line    0x0000000000002797     0x12e6 ./drivers/fsl_clock.o
 .debug_line    0x0000000000003a7d      0x3e6 ./drivers/fsl_common.o
 .debug_line    0x0000000000003e63      0x745 ./drivers/fsl_dma.o
 .debug_line    0x00000000000045a8      0xd5f ./drivers/fsl_lpsci.o
 .debug_line    0x0000000000005307      0xd4e ./drivers/fsl_uart.o
 .debug_line    0x0000000000006055      0x35a ./board/board.o
 .debug_line    0x00000000000063af      0x3c5 ./board/clock_config.o
 .debug_line    0x0000000000006774       0x5c ./board/peripherals.o
 .debug_line    0x00000000000067d0      0x34c ./board/pin_mux.o
 .debug_line    0x0000000000006b1c      0x33b ./CMSIS/system_MKL25Z4.o

.debug_str      0x0000000000000000    0x36a8c
 .debug_str     0x0000000000000000    0x314bb ./utilities/fsl_debug_console.o
                                      0x3176b (size before relaxing)
 .debug_str     0x00000000000314bb      0x3e1 ./startup/startup_mkl25z4.o
                                       0x31be (size before relaxing)
 .debug_str     0x000000000003189c      0x54d ./source/ADC.o
                                      0x292e7 (size before relaxing)
 .debug_str     0x0000000000031de9      0x30e ./source/DAC.o
                                      0x2951e (size before relaxing)
 .debug_str     0x00000000000320f7      0xe0d ./source/Getting In Tune.o
                                      0x317b2 (size before relaxing)
 .debug_str     0x0000000000032f04       0xc1 ./source/autocorrelate.o
                                       0x4664 (size before relaxing)
 .debug_str     0x0000000000032fc5       0x8f ./source/fp_sine.o
                                      0x2920b (size before relaxing)
 .debug_str     0x0000000000033054      0x532 ./source/mtb.o
                                       0x32ca (size before relaxing)
 .debug_str     0x0000000000033586       0x1f ./source/semihost_hardfault.o
                                       0x2db7 (size before relaxing)
 .debug_str     0x00000000000335a5       0x3e ./source/test_sin.o
                                      0x30e96 (size before relaxing)
 .debug_str     0x00000000000335e3       0x3c ./source/util.o
                                      0x309fa (size before relaxing)
 .debug_str     0x000000000003361f     0x14d2 ./drivers/fsl_clock.o
                                      0x322c5 (size before relaxing)
 .debug_str     0x0000000000034af1      0x113 ./drivers/fsl_common.o
                                      0x308ac (size before relaxing)
 .debug_str     0x0000000000034c04      0x763 ./drivers/fsl_dma.o
                                      0x31593 (size before relaxing)
 .debug_str     0x0000000000035367      0x946 ./drivers/fsl_lpsci.o
                                      0x318cd (size before relaxing)
 .debug_str     0x0000000000035cad      0x832 ./drivers/fsl_uart.o
                                      0x318f0 (size before relaxing)
 .debug_str     0x00000000000364df       0x4c ./board/board.o
                                      0x3140a (size before relaxing)
 .debug_str     0x000000000003652b      0x300 ./board/clock_config.o
                                      0x311f3 (size before relaxing)
 .debug_str     0x000000000003682b       0x31 ./board/peripherals.o
                                       0x2dc8 (size before relaxing)
 .debug_str     0x000000000003685c      0x1e1 ./board/pin_mux.o
                                      0x30956 (size before relaxing)
 .debug_str     0x0000000000036a3d       0x4f ./CMSIS/system_MKL25Z4.o
                                      0x2fc2f (size before relaxing)

.comment        0x0000000000000000       0x79
 .comment       0x0000000000000000       0x79 ./utilities/fsl_debug_console.o
                                         0x7a (size before relaxing)
 .comment       0x0000000000000079       0x7a ./startup/startup_mkl25z4.o
 .comment       0x0000000000000079       0x7a ./source/ADC.o
 .comment       0x0000000000000079       0x7a ./source/DAC.o
 .comment       0x0000000000000079       0x7a ./source/Getting In Tune.o
 .comment       0x0000000000000079       0x7a ./source/autocorrelate.o
 .comment       0x0000000000000079       0x7a ./source/fp_sine.o
 .comment       0x0000000000000079       0x7a ./source/mtb.o
 .comment       0x0000000000000079       0x7a ./source/semihost_hardfault.o
 .comment       0x0000000000000079       0x7a ./source/test_sin.o
 .comment       0x0000000000000079       0x7a ./source/util.o
 .comment       0x0000000000000079       0x7a ./drivers/fsl_clock.o
 .comment       0x0000000000000079       0x7a ./drivers/fsl_common.o
 .comment       0x0000000000000079       0x7a ./drivers/fsl_dma.o
 .comment       0x0000000000000079       0x7a ./drivers/fsl_lpsci.o
 .comment       0x0000000000000079       0x7a ./drivers/fsl_uart.o
 .comment       0x0000000000000079       0x7a ./board/board.o
 .comment       0x0000000000000079       0x7a ./board/clock_config.o
 .comment       0x0000000000000079       0x7a ./board/peripherals.o
 .comment       0x0000000000000079       0x7a ./board/pin_mux.o
 .comment       0x0000000000000079       0x7a ./CMSIS/system_MKL25Z4.o
 .comment       0x0000000000000079       0x7a /usr/local/mcuxpressoide-11.2.0_4120/ide/plugins/com.nxp.mcuxpresso.tools.linux_11.2.0.202001021529/tools/bin/../lib/gcc/arm-none-eabi/9.2.1/../../../../arm-none-eabi/lib/thumb/v6-m/nofp/libcr_nohost_nf.a(_cr__main.o)
 .comment       0x0000000000000079       0x7a /usr/local/mcuxpressoide-11.2.0_4120/ide/plugins/com.nxp.mcuxpresso.tools.linux_11.2.0.202001021529/tools/bin/../lib/gcc/arm-none-eabi/9.2.1/../../../../arm-none-eabi/lib/thumb/v6-m/nofp/libcr_c.a(memcpy.o)
 .comment       0x0000000000000079       0x7a /usr/local/mcuxpressoide-11.2.0_4120/ide/plugins/com.nxp.mcuxpresso.tools.linux_11.2.0.202001021529/tools/bin/../lib/gcc/arm-none-eabi/9.2.1/../../../../arm-none-eabi/lib/thumb/v6-m/nofp/libcr_c.a(memset.o)
 .comment       0x0000000000000079       0x7a /usr/local/mcuxpressoide-11.2.0_4120/ide/plugins/com.nxp.mcuxpresso.tools.linux_11.2.0.202001021529/tools/bin/../lib/gcc/arm-none-eabi/9.2.1/../../../../arm-none-eabi/lib/thumb/v6-m/nofp/libcr_c.a(initio.o)
 .comment       0x0000000000000079       0x7a /usr/local/mcuxpressoide-11.2.0_4120/ide/plugins/com.nxp.mcuxpresso.tools.linux_11.2.0.202001021529/tools/bin/../lib/gcc/arm-none-eabi/9.2.1/../../../../arm-none-eabi/lib/thumb/v6-m/nofp/libcr_c.a(setvbuf.o)
 .comment       0x0000000000000079       0x7a /usr/local/mcuxpressoide-11.2.0_4120/ide/plugins/com.nxp.mcuxpresso.tools.linux_11.2.0.202001021529/tools/bin/../lib/gcc/arm-none-eabi/9.2.1/../../../../arm-none-eabi/lib/thumb/v6-m/nofp/libcr_c.a(sin.o)
 .comment       0x0000000000000079       0x7a /usr/local/mcuxpressoide-11.2.0_4120/ide/plugins/com.nxp.mcuxpresso.tools.linux_11.2.0.202001021529/tools/bin/../lib/gcc/arm-none-eabi/9.2.1/../../../../arm-none-eabi/lib/thumb/v6-m/nofp/libcr_c.a(strlen.o)
 .comment       0x0000000000000079       0x7a /usr/local/mcuxpressoide-11.2.0_4120/ide/plugins/com.nxp.mcuxpresso.tools.linux_11.2.0.202001021529/tools/bin/../lib/gcc/arm-none-eabi/9.2.1/../../../../arm-none-eabi/lib/thumb/v6-m/nofp/libcr_c.a(_fdopen.o)
 .comment       0x0000000000000079       0x7a /usr/local/mcuxpressoide-11.2.0_4120/ide/plugins/com.nxp.mcuxpresso.tools.linux_11.2.0.202001021529/tools/bin/../lib/gcc/arm-none-eabi/9.2.1/../../../../arm-none-eabi/lib/thumb/v6-m/nofp/libcr_c.a(_sincos.o)
 .comment       0x0000000000000079       0x7a /usr/local/mcuxpressoide-11.2.0_4120/ide/plugins/com.nxp.mcuxpresso.tools.linux_11.2.0.202001021529/tools/bin/../lib/gcc/arm-none-eabi/9.2.1/../../../../arm-none-eabi/lib/thumb/v6-m/nofp/libcr_c.a(errno.o)
 .comment       0x0000000000000079       0x7a /usr/local/mcuxpressoide-11.2.0_4120/ide/plugins/com.nxp.mcuxpresso.tools.linux_11.2.0.202001021529/tools/bin/../lib/gcc/arm-none-eabi/9.2.1/../../../../arm-none-eabi/lib/thumb/v6-m/nofp/libcr_c.a(fabs.o)
 .comment       0x0000000000000079       0x7a /usr/local/mcuxpressoide-11.2.0_4120/ide/plugins/com.nxp.mcuxpresso.tools.linux_11.2.0.202001021529/tools/bin/../lib/gcc/arm-none-eabi/9.2.1/../../../../arm-none-eabi/lib/thumb/v6-m/nofp/libcr_c.a(fclose.o)
 .comment       0x0000000000000079       0x7a /usr/local/mcuxpressoide-11.2.0_4120/ide/plugins/com.nxp.mcuxpresso.tools.linux_11.2.0.202001021529/tools/bin/../lib/gcc/arm-none-eabi/9.2.1/../../../../arm-none-eabi/lib/thumb/v6-m/nofp/libcr_c.a(fflush.o)
 .comment       0x0000000000000079       0x7a /usr/local/mcuxpressoide-11.2.0_4120/ide/plugins/com.nxp.mcuxpresso.tools.linux_11.2.0.202001021529/tools/bin/../lib/gcc/arm-none-eabi/9.2.1/../../../../arm-none-eabi/lib/thumb/v6-m/nofp/libcr_c.a(fseek.o)
 .comment       0x0000000000000079       0x7a /usr/local/mcuxpressoide-11.2.0_4120/ide/plugins/com.nxp.mcuxpresso.tools.linux_11.2.0.202001021529/tools/bin/../lib/gcc/arm-none-eabi/9.2.1/../../../../arm-none-eabi/lib/thumb/v6-m/nofp/libcr_c.a(ftell.o)
 .comment       0x0000000000000079       0x7a /usr/local/mcuxpressoide-11.2.0_4120/ide/plugins/com.nxp.mcuxpresso.tools.linux_11.2.0.202001021529/tools/bin/../lib/gcc/arm-none-eabi/9.2.1/../../../../arm-none-eabi/lib/thumb/v6-m/nofp/libcr_c.a(remove.o)
 .comment       0x0000000000000079       0x7a /usr/local/mcuxpressoide-11.2.0_4120/ide/plugins/com.nxp.mcuxpresso.tools.linux_11.2.0.202001021529/tools/bin/../lib/gcc/arm-none-eabi/9.2.1/../../../../arm-none-eabi/lib/thumb/v6-m/nofp/libcr_c.a(_do_fflush.o)
 .comment       0x0000000000000079       0x7a /usr/local/mcuxpressoide-11.2.0_4120/ide/plugins/com.nxp.mcuxpresso.tools.linux_11.2.0.202001021529/tools/bin/../lib/gcc/arm-none-eabi/9.2.1/../../../../arm-none-eabi/lib/thumb/v6-m/nofp/libcr_c.a(_fflush.o)
 .comment       0x0000000000000079       0x7a /usr/local/mcuxpressoide-11.2.0_4120/ide/plugins/com.nxp.mcuxpresso.tools.linux_11.2.0.202001021529/tools/bin/../lib/gcc/arm-none-eabi/9.2.1/../../../../arm-none-eabi/lib/thumb/v6-m/nofp/libcr_c.a(_writebuf.o)
 .comment       0x0000000000000079       0x7a /usr/local/mcuxpressoide-11.2.0_4120/ide/plugins/com.nxp.mcuxpresso.tools.linux_11.2.0.202001021529/tools/bin/../lib/gcc/arm-none-eabi/9.2.1/../../../../arm-none-eabi/lib/thumb/v6-m/nofp/libcr_c.a(alloc.o)
 .comment       0x0000000000000079       0x7a /usr/local/mcuxpressoide-11.2.0_4120/ide/plugins/com.nxp.mcuxpresso.tools.linux_11.2.0.202001021529/tools/bin/../lib/gcc/arm-none-eabi/9.2.1/../../../../arm-none-eabi/lib/thumb/v6-m/nofp/libcr_c.a(_deferredlazyseek.o)
 .comment       0x0000000000000079       0x7a /usr/local/mcuxpressoide-11.2.0_4120/ide/plugins/com.nxp.mcuxpresso.tools.linux_11.2.0.202001021529/tools/bin/../lib/gcc/arm-none-eabi/9.2.1/thumb/v6-m/nofp/libcr_eabihelpers.a(double.o)
 .comment       0x0000000000000079       0x7a /usr/local/mcuxpressoide-11.2.0_4120/ide/plugins/com.nxp.mcuxpresso.tools.linux_11.2.0.202001021529/tools/bin/../lib/gcc/arm-none-eabi/9.2.1/../../../../arm-none-eabi/lib/thumb/v6-m/nofp/libcr_nohost_nf.a(__ciob.o)
 .comment       0x0000000000000079       0x7a /usr/local/mcuxpressoide-11.2.0_4120/ide/plugins/com.nxp.mcuxpresso.tools.linux_11.2.0.202001021529/tools/bin/../lib/gcc/arm-none-eabi/9.2.1/../../../../arm-none-eabi/lib/thumb/v6-m/nofp/libcr_nohost_nf.a(__sys_close.o)
 .comment       0x0000000000000079       0x7a /usr/local/mcuxpressoide-11.2.0_4120/ide/plugins/com.nxp.mcuxpresso.tools.linux_11.2.0.202001021529/tools/bin/../lib/gcc/arm-none-eabi/9.2.1/../../../../arm-none-eabi/lib/thumb/v6-m/nofp/libcr_nohost_nf.a(__sys_flen.o)
 .comment       0x0000000000000079       0x7a /usr/local/mcuxpressoide-11.2.0_4120/ide/plugins/com.nxp.mcuxpresso.tools.linux_11.2.0.202001021529/tools/bin/../lib/gcc/arm-none-eabi/9.2.1/../../../../arm-none-eabi/lib/thumb/v6-m/nofp/libcr_nohost_nf.a(__sys_istty.o)
 .comment       0x0000000000000079       0x7a /usr/local/mcuxpressoide-11.2.0_4120/ide/plugins/com.nxp.mcuxpresso.tools.linux_11.2.0.202001021529/tools/bin/../lib/gcc/arm-none-eabi/9.2.1/../../../../arm-none-eabi/lib/thumb/v6-m/nofp/libcr_nohost_nf.a(__sys_remove.o)
 .comment       0x0000000000000079       0x7a /usr/local/mcuxpressoide-11.2.0_4120/ide/plugins/com.nxp.mcuxpresso.tools.linux_11.2.0.202001021529/tools/bin/../lib/gcc/arm-none-eabi/9.2.1/../../../../arm-none-eabi/lib/thumb/v6-m/nofp/libcr_nohost_nf.a(__sys_seek.o)
 .comment       0x0000000000000079       0x7a /usr/local/mcuxpressoide-11.2.0_4120/ide/plugins/com.nxp.mcuxpresso.tools.linux_11.2.0.202001021529/tools/bin/../lib/gcc/arm-none-eabi/9.2.1/../../../../arm-none-eabi/lib/thumb/v6-m/nofp/libcr_nohost_nf.a(__sys_tmpnam.o)
 .comment       0x0000000000000079       0x7a /usr/local/mcuxpressoide-11.2.0_4120/ide/plugins/com.nxp.mcuxpresso.tools.linux_11.2.0.202001021529/tools/bin/../lib/gcc/arm-none-eabi/9.2.1/../../../../arm-none-eabi/lib/thumb/v6-m/nofp/libcr_nohost_nf.a(__sys_write.o)

.ARM.attributes
                0x0000000000000000       0x2a
 .ARM.attributes
                0x0000000000000000       0x2c ./utilities/fsl_debug_console.o
 .ARM.attributes
                0x000000000000002c       0x2c ./startup/startup_mkl25z4.o
 .ARM.attributes
                0x0000000000000058       0x2c ./source/ADC.o
 .ARM.attributes
                0x0000000000000084       0x2c ./source/DAC.o
 .ARM.attributes
                0x00000000000000b0       0x2c ./source/Getting In Tune.o
 .ARM.attributes
                0x00000000000000dc       0x2c ./source/autocorrelate.o
 .ARM.attributes
                0x0000000000000108       0x2c ./source/fp_sine.o
 .ARM.attributes
                0x0000000000000134       0x32 ./source/mtb.o
 .ARM.attributes
                0x0000000000000166       0x2c ./source/semihost_hardfault.o
 .ARM.attributes
                0x0000000000000192       0x2c ./source/test_sin.o
 .ARM.attributes
                0x00000000000001be       0x2c ./source/util.o
 .ARM.attributes
                0x00000000000001ea       0x2c ./drivers/fsl_clock.o
 .ARM.attributes
                0x0000000000000216       0x2c ./drivers/fsl_common.o
 .ARM.attributes
                0x0000000000000242       0x2c ./drivers/fsl_dma.o
 .ARM.attributes
                0x000000000000026e       0x2c ./drivers/fsl_lpsci.o
 .ARM.attributes
                0x000000000000029a       0x2c ./drivers/fsl_uart.o
 .ARM.attributes
                0x00000000000002c6       0x2c ./board/board.o
 .ARM.attributes
                0x00000000000002f2       0x2c ./board/clock_config.o
 .ARM.attributes
                0x000000000000031e       0x2c ./board/peripherals.o
 .ARM.attributes
                0x000000000000034a       0x2c ./board/pin_mux.o
 .ARM.attributes
                0x0000000000000376       0x2c ./CMSIS/system_MKL25Z4.o
 .ARM.attributes
                0x00000000000003a2       0x2c /usr/local/mcuxpressoide-11.2.0_4120/ide/plugins/com.nxp.mcuxpresso.tools.linux_11.2.0.202001021529/tools/bin/../lib/gcc/arm-none-eabi/9.2.1/../../../../arm-none-eabi/lib/thumb/v6-m/nofp/libcr_nohost_nf.a(_cr__main.o)
 .ARM.attributes
                0x00000000000003ce       0x2c /usr/local/mcuxpressoide-11.2.0_4120/ide/plugins/com.nxp.mcuxpresso.tools.linux_11.2.0.202001021529/tools/bin/../lib/gcc/arm-none-eabi/9.2.1/../../../../arm-none-eabi/lib/thumb/v6-m/nofp/libcr_c.a(memcpy.o)
 .ARM.attributes
                0x00000000000003fa       0x2c /usr/local/mcuxpressoide-11.2.0_4120/ide/plugins/com.nxp.mcuxpresso.tools.linux_11.2.0.202001021529/tools/bin/../lib/gcc/arm-none-eabi/9.2.1/../../../../arm-none-eabi/lib/thumb/v6-m/nofp/libcr_c.a(memset.o)
 .ARM.attributes
                0x0000000000000426       0x2c /usr/local/mcuxpressoide-11.2.0_4120/ide/plugins/com.nxp.mcuxpresso.tools.linux_11.2.0.202001021529/tools/bin/../lib/gcc/arm-none-eabi/9.2.1/../../../../arm-none-eabi/lib/thumb/v6-m/nofp/libcr_c.a(initio.o)
 .ARM.attributes
                0x0000000000000452       0x2c /usr/local/mcuxpressoide-11.2.0_4120/ide/plugins/com.nxp.mcuxpresso.tools.linux_11.2.0.202001021529/tools/bin/../lib/gcc/arm-none-eabi/9.2.1/../../../../arm-none-eabi/lib/thumb/v6-m/nofp/libcr_c.a(setvbuf.o)
 .ARM.attributes
                0x000000000000047e       0x2c /usr/local/mcuxpressoide-11.2.0_4120/ide/plugins/com.nxp.mcuxpresso.tools.linux_11.2.0.202001021529/tools/bin/../lib/gcc/arm-none-eabi/9.2.1/../../../../arm-none-eabi/lib/thumb/v6-m/nofp/libcr_c.a(sin.o)
 .ARM.attributes
                0x00000000000004aa       0x2c /usr/local/mcuxpressoide-11.2.0_4120/ide/plugins/com.nxp.mcuxpresso.tools.linux_11.2.0.202001021529/tools/bin/../lib/gcc/arm-none-eabi/9.2.1/../../../../arm-none-eabi/lib/thumb/v6-m/nofp/libcr_c.a(strlen.o)
 .ARM.attributes
                0x00000000000004d6       0x2c /usr/local/mcuxpressoide-11.2.0_4120/ide/plugins/com.nxp.mcuxpresso.tools.linux_11.2.0.202001021529/tools/bin/../lib/gcc/arm-none-eabi/9.2.1/../../../../arm-none-eabi/lib/thumb/v6-m/nofp/libcr_c.a(_fdopen.o)
 .ARM.attributes
                0x0000000000000502       0x2c /usr/local/mcuxpressoide-11.2.0_4120/ide/plugins/com.nxp.mcuxpresso.tools.linux_11.2.0.202001021529/tools/bin/../lib/gcc/arm-none-eabi/9.2.1/../../../../arm-none-eabi/lib/thumb/v6-m/nofp/libcr_c.a(_sincos.o)
 .ARM.attributes
                0x000000000000052e       0x31 /usr/local/mcuxpressoide-11.2.0_4120/ide/plugins/com.nxp.mcuxpresso.tools.linux_11.2.0.202001021529/tools/bin/../lib/gcc/arm-none-eabi/9.2.1/../../../../arm-none-eabi/lib/thumb/v6-m/nofp/libcr_c.a(errno.o)
 .ARM.attributes
                0x000000000000055f       0x2c /usr/local/mcuxpressoide-11.2.0_4120/ide/plugins/com.nxp.mcuxpresso.tools.linux_11.2.0.202001021529/tools/bin/../lib/gcc/arm-none-eabi/9.2.1/../../../../arm-none-eabi/lib/thumb/v6-m/nofp/libcr_c.a(fabs.o)
 .ARM.attributes
                0x000000000000058b       0x2c /usr/local/mcuxpressoide-11.2.0_4120/ide/plugins/com.nxp.mcuxpresso.tools.linux_11.2.0.202001021529/tools/bin/../lib/gcc/arm-none-eabi/9.2.1/../../../../arm-none-eabi/lib/thumb/v6-m/nofp/libcr_c.a(fclose.o)
 .ARM.attributes
                0x00000000000005b7       0x2c /usr/local/mcuxpressoide-11.2.0_4120/ide/plugins/com.nxp.mcuxpresso.tools.linux_11.2.0.202001021529/tools/bin/../lib/gcc/arm-none-eabi/9.2.1/../../../../arm-none-eabi/lib/thumb/v6-m/nofp/libcr_c.a(fflush.o)
 .ARM.attributes
                0x00000000000005e3       0x2c /usr/local/mcuxpressoide-11.2.0_4120/ide/plugins/com.nxp.mcuxpresso.tools.linux_11.2.0.202001021529/tools/bin/../lib/gcc/arm-none-eabi/9.2.1/../../../../arm-none-eabi/lib/thumb/v6-m/nofp/libcr_c.a(fseek.o)
 .ARM.attributes
                0x000000000000060f       0x2c /usr/local/mcuxpressoide-11.2.0_4120/ide/plugins/com.nxp.mcuxpresso.tools.linux_11.2.0.202001021529/tools/bin/../lib/gcc/arm-none-eabi/9.2.1/../../../../arm-none-eabi/lib/thumb/v6-m/nofp/libcr_c.a(ftell.o)
 .ARM.attributes
                0x000000000000063b       0x2c /usr/local/mcuxpressoide-11.2.0_4120/ide/plugins/com.nxp.mcuxpresso.tools.linux_11.2.0.202001021529/tools/bin/../lib/gcc/arm-none-eabi/9.2.1/../../../../arm-none-eabi/lib/thumb/v6-m/nofp/libcr_c.a(remove.o)
 .ARM.attributes
                0x0000000000000667       0x2c /usr/local/mcuxpressoide-11.2.0_4120/ide/plugins/com.nxp.mcuxpresso.tools.linux_11.2.0.202001021529/tools/bin/../lib/gcc/arm-none-eabi/9.2.1/../../../../arm-none-eabi/lib/thumb/v6-m/nofp/libcr_c.a(_do_fflush.o)
 .ARM.attributes
                0x0000000000000693       0x2c /usr/local/mcuxpressoide-11.2.0_4120/ide/plugins/com.nxp.mcuxpresso.tools.linux_11.2.0.202001021529/tools/bin/../lib/gcc/arm-none-eabi/9.2.1/../../../../arm-none-eabi/lib/thumb/v6-m/nofp/libcr_c.a(_fflush.o)
 .ARM.attributes
                0x00000000000006bf       0x2c /usr/local/mcuxpressoide-11.2.0_4120/ide/plugins/com.nxp.mcuxpresso.tools.linux_11.2.0.202001021529/tools/bin/../lib/gcc/arm-none-eabi/9.2.1/../../../../arm-none-eabi/lib/thumb/v6-m/nofp/libcr_c.a(_writebuf.o)
 .ARM.attributes
                0x00000000000006eb       0x2c /usr/local/mcuxpressoide-11.2.0_4120/ide/plugins/com.nxp.mcuxpresso.tools.linux_11.2.0.202001021529/tools/bin/../lib/gcc/arm-none-eabi/9.2.1/../../../../arm-none-eabi/lib/thumb/v6-m/nofp/libcr_c.a(alloc.o)
 .ARM.attributes
                0x0000000000000717       0x2c /usr/local/mcuxpressoide-11.2.0_4120/ide/plugins/com.nxp.mcuxpresso.tools.linux_11.2.0.202001021529/tools/bin/../lib/gcc/arm-none-eabi/9.2.1/../../../../arm-none-eabi/lib/thumb/v6-m/nofp/libcr_c.a(_deferredlazyseek.o)
 .ARM.attributes
                0x0000000000000743       0x1c /usr/local/mcuxpressoide-11.2.0_4120/ide/plugins/com.nxp.mcuxpresso.tools.linux_11.2.0.202001021529/tools/bin/../lib/gcc/arm-none-eabi/9.2.1/thumb/v6-m/nofp/libcr_eabihelpers.a(division_32.o)
 .ARM.attributes
                0x000000000000075f       0x1c /usr/local/mcuxpressoide-11.2.0_4120/ide/plugins/com.nxp.mcuxpresso.tools.linux_11.2.0.202001021529/tools/bin/../lib/gcc/arm-none-eabi/9.2.1/thumb/v6-m/nofp/libcr_eabihelpers.a(division_idiv0.o)
 .ARM.attributes
                0x000000000000077b       0x2c /usr/local/mcuxpressoide-11.2.0_4120/ide/plugins/com.nxp.mcuxpresso.tools.linux_11.2.0.202001021529/tools/bin/../lib/gcc/arm-none-eabi/9.2.1/thumb/v6-m/nofp/libcr_eabihelpers.a(double.o)
 .ARM.attributes
                0x00000000000007a7       0x1c /usr/local/mcuxpressoide-11.2.0_4120/ide/plugins/com.nxp.mcuxpresso.tools.linux_11.2.0.202001021529/tools/bin/../lib/gcc/arm-none-eabi/9.2.1/thumb/v6-m/nofp/libcr_eabihelpers.a(llong.o)
 .ARM.attributes
                0x00000000000007c3       0x1c /usr/local/mcuxpressoide-11.2.0_4120/ide/plugins/com.nxp.mcuxpresso.tools.linux_11.2.0.202001021529/tools/bin/../lib/gcc/arm-none-eabi/9.2.1/thumb/v6-m/nofp/libcr_eabihelpers.a(memcpy.o)
 .ARM.attributes
                0x00000000000007df       0x31 /usr/local/mcuxpressoide-11.2.0_4120/ide/plugins/com.nxp.mcuxpresso.tools.linux_11.2.0.202001021529/tools/bin/../lib/gcc/arm-none-eabi/9.2.1/../../../../arm-none-eabi/lib/thumb/v6-m/nofp/libcr_nohost_nf.a(__ciob.o)
 .ARM.attributes
                0x0000000000000810       0x2c /usr/local/mcuxpressoide-11.2.0_4120/ide/plugins/com.nxp.mcuxpresso.tools.linux_11.2.0.202001021529/tools/bin/../lib/gcc/arm-none-eabi/9.2.1/../../../../arm-none-eabi/lib/thumb/v6-m/nofp/libcr_nohost_nf.a(__sys_close.o)
 .ARM.attributes
                0x000000000000083c       0x2c /usr/local/mcuxpressoide-11.2.0_4120/ide/plugins/com.nxp.mcuxpresso.tools.linux_11.2.0.202001021529/tools/bin/../lib/gcc/arm-none-eabi/9.2.1/../../../../arm-none-eabi/lib/thumb/v6-m/nofp/libcr_nohost_nf.a(__sys_flen.o)
 .ARM.attributes
                0x0000000000000868       0x2c /usr/local/mcuxpressoide-11.2.0_4120/ide/plugins/com.nxp.mcuxpresso.tools.linux_11.2.0.202001021529/tools/bin/../lib/gcc/arm-none-eabi/9.2.1/../../../../arm-none-eabi/lib/thumb/v6-m/nofp/libcr_nohost_nf.a(__sys_istty.o)
 .ARM.attributes
                0x0000000000000894       0x2c /usr/local/mcuxpressoide-11.2.0_4120/ide/plugins/com.nxp.mcuxpresso.tools.linux_11.2.0.202001021529/tools/bin/../lib/gcc/arm-none-eabi/9.2.1/../../../../arm-none-eabi/lib/thumb/v6-m/nofp/libcr_nohost_nf.a(__sys_remove.o)
 .ARM.attributes
                0x00000000000008c0       0x2c /usr/local/mcuxpressoide-11.2.0_4120/ide/plugins/com.nxp.mcuxpresso.tools.linux_11.2.0.202001021529/tools/bin/../lib/gcc/arm-none-eabi/9.2.1/../../../../arm-none-eabi/lib/thumb/v6-m/nofp/libcr_nohost_nf.a(__sys_seek.o)
 .ARM.attributes
                0x00000000000008ec       0x2c /usr/local/mcuxpressoide-11.2.0_4120/ide/plugins/com.nxp.mcuxpresso.tools.linux_11.2.0.202001021529/tools/bin/../lib/gcc/arm-none-eabi/9.2.1/../../../../arm-none-eabi/lib/thumb/v6-m/nofp/libcr_nohost_nf.a(__sys_tmpnam.o)
 .ARM.attributes
                0x0000000000000918       0x2c /usr/local/mcuxpressoide-11.2.0_4120/ide/plugins/com.nxp.mcuxpresso.tools.linux_11.2.0.202001021529/tools/bin/../lib/gcc/arm-none-eabi/9.2.1/../../../../arm-none-eabi/lib/thumb/v6-m/nofp/libcr_nohost_nf.a(__sys_write.o)

.debug_frame    0x0000000000000000     0x1d98
 .debug_frame   0x0000000000000000      0x1f0 ./utilities/fsl_debug_console.o
 .debug_frame   0x00000000000001f0      0x3b0 ./startup/startup_mkl25z4.o
 .debug_frame   0x00000000000005a0       0x6c ./source/ADC.o
 .debug_frame   0x000000000000060c      0x100 ./source/DAC.o
 .debug_frame   0x000000000000070c       0x34 ./source/Getting In Tune.o
 .debug_frame   0x0000000000000740       0x30 ./source/autocorrelate.o
 .debug_frame   0x0000000000000770       0x70 ./source/fp_sine.o
 .debug_frame   0x00000000000007e0       0x20 ./source/semihost_hardfault.o
 .debug_frame   0x0000000000000800       0x30 ./source/test_sin.o
 .debug_frame   0x0000000000000830       0x50 ./source/util.o
 .debug_frame   0x0000000000000880      0x6e0 ./drivers/fsl_clock.o
 .debug_frame   0x0000000000000f60       0x90 ./drivers/fsl_common.o
 .debug_frame   0x0000000000000ff0      0x2e0 ./drivers/fsl_dma.o
 .debug_frame   0x00000000000012d0      0x414 ./drivers/fsl_lpsci.o
 .debug_frame   0x00000000000016e4      0x464 ./drivers/fsl_uart.o
 .debug_frame   0x0000000000001b48       0x50 ./board/board.o
 .debug_frame   0x0000000000001b98      0x100 ./board/clock_config.o
 .debug_frame   0x0000000000001c98       0x2c ./board/peripherals.o
 .debug_frame   0x0000000000001cc4       0x88 ./board/pin_mux.o
 .debug_frame   0x0000000000001d4c       0x4c ./CMSIS/system_MKL25Z4.o

Cross Reference Table

Symbol                                            File
ADC0_DriverIRQHandler                             ./startup/startup_mkl25z4.o
ADC0_IRQHandler                                   ./startup/startup_mkl25z4.o
ADC16_ClearStatusFlags                            ./drivers/fsl_adc16.o
ADC16_Deinit                                      ./drivers/fsl_adc16.o
ADC16_DoAutoCalibration                           ./drivers/fsl_adc16.o
ADC16_GetChannelStatusFlags                       ./drivers/fsl_adc16.o
ADC16_GetDefaultConfig                            ./drivers/fsl_adc16.o
ADC16_GetStatusFlags                              ./drivers/fsl_adc16.o
ADC16_Init                                        ./drivers/fsl_adc16.o
ADC16_SetChannelConfig                            ./drivers/fsl_adc16.o
ADC16_SetChannelMuxMode                           ./drivers/fsl_adc16.o
ADC16_SetHardwareAverage                          ./drivers/fsl_adc16.o
ADC16_SetHardwareCompareConfig                    ./drivers/fsl_adc16.o
ADC_Buffer                                        ./source/ADC.o
                                                  ./source/Getting In Tune.o
ADC_Init_                                         ./source/ADC.o
                                                  ./source/Getting In Tune.o
BOARD_BootClockRUN                                ./board/clock_config.o
BOARD_BootClockVLPR                               ./board/clock_config.o
BOARD_InitBootClocks                              ./board/clock_config.o
                                                  ./source/Getting In Tune.o
BOARD_InitBootPeripherals                         ./board/peripherals.o
                                                  ./source/Getting In Tune.o
BOARD_InitBootPins                                ./board/pin_mux.o
                                                  ./source/Getting In Tune.o
BOARD_InitDebugConsole                            ./board/board.o
                                                  ./source/Getting In Tune.o
BOARD_InitPins                                    ./board/pin_mux.o
CLOCK_BootToBlpeMode                              ./drivers/fsl_clock.o
CLOCK_BootToBlpiMode                              ./drivers/fsl_clock.o
                                                  ./board/clock_config.o
CLOCK_BootToFeeMode                               ./drivers/fsl_clock.o
CLOCK_BootToFeiMode                               ./drivers/fsl_clock.o
CLOCK_BootToPeeMode                               ./drivers/fsl_clock.o
                                                  ./board/clock_config.o
CLOCK_CalcPllDiv                                  ./drivers/fsl_clock.o
CLOCK_ClearStatusFlags                            ./drivers/fsl_clock.o
CLOCK_DeinitOsc0                                  ./drivers/fsl_clock.o
CLOCK_EnablePll0                                  ./drivers/fsl_clock.o
CLOCK_EnableUsbfs0Clock                           ./drivers/fsl_clock.o
CLOCK_ExternalModeToFbeModeQuick                  ./drivers/fsl_clock.o
CLOCK_FllStableDelay                              ./drivers/fsl_clock.o
CLOCK_GetBusClkFreq                               ./drivers/fsl_clock.o
CLOCK_GetCoreSysClkFreq                           ./drivers/fsl_clock.o
CLOCK_GetEr32kClkFreq                             ./drivers/fsl_clock.o
CLOCK_GetFixedFreqClkFreq                         ./drivers/fsl_clock.o
CLOCK_GetFlashClkFreq                             ./drivers/fsl_clock.o
CLOCK_GetFllFreq                                  ./drivers/fsl_clock.o
CLOCK_GetFreq                                     ./drivers/fsl_clock.o
CLOCK_GetInternalRefClkFreq                       ./drivers/fsl_clock.o
CLOCK_GetMode                                     ./drivers/fsl_clock.o
CLOCK_GetOsc0ErClkFreq                            ./drivers/fsl_clock.o
CLOCK_GetOutClkFreq                               ./drivers/fsl_clock.o
CLOCK_GetPlatClkFreq                              ./drivers/fsl_clock.o
CLOCK_GetPll0Freq                                 ./drivers/fsl_clock.o
CLOCK_GetPllFllSelClkFreq                         ./drivers/fsl_clock.o
                                                  ./board/board.o
CLOCK_GetStatusFlags                              ./drivers/fsl_clock.o
CLOCK_InitOsc0                                    ./drivers/fsl_clock.o
                                                  ./board/clock_config.o
CLOCK_InternalModeToFbiModeQuick                  ./drivers/fsl_clock.o
CLOCK_SetBlpeMode                                 ./drivers/fsl_clock.o
CLOCK_SetBlpiMode                                 ./drivers/fsl_clock.o
CLOCK_SetExternalRefClkConfig                     ./drivers/fsl_clock.o
CLOCK_SetFbeMode                                  ./drivers/fsl_clock.o
CLOCK_SetFbiMode                                  ./drivers/fsl_clock.o
CLOCK_SetFeeMode                                  ./drivers/fsl_clock.o
CLOCK_SetFeiMode                                  ./drivers/fsl_clock.o
CLOCK_SetInternalRefClkConfig                     ./drivers/fsl_clock.o
                                                  ./board/clock_config.o
CLOCK_SetMcgConfig                                ./drivers/fsl_clock.o
CLOCK_SetOsc0MonitorMode                          ./drivers/fsl_clock.o
CLOCK_SetPbeMode                                  ./drivers/fsl_clock.o
CLOCK_SetPeeMode                                  ./drivers/fsl_clock.o
CLOCK_SetPll0MonitorMode                          ./drivers/fsl_clock.o
CLOCK_SetSimConfig                                ./drivers/fsl_clock.o
                                                  ./board/clock_config.o
CLOCK_TrimInternalRefClk                          ./drivers/fsl_clock.o
CMP0_DriverIRQHandler                             ./startup/startup_mkl25z4.o
CMP0_IRQHandler                                   ./startup/startup_mkl25z4.o
CMP_ClearStatusFlags                              ./drivers/fsl_cmp.o
CMP_Deinit                                        ./drivers/fsl_cmp.o
CMP_DisableInterrupts                             ./drivers/fsl_cmp.o
CMP_EnableDMA                                     ./drivers/fsl_cmp.o
CMP_EnableInterrupts                              ./drivers/fsl_cmp.o
CMP_GetDefaultConfig                              ./drivers/fsl_cmp.o
CMP_GetStatusFlags                                ./drivers/fsl_cmp.o
CMP_Init                                          ./drivers/fsl_cmp.o
CMP_SetDACConfig                                  ./drivers/fsl_cmp.o
CMP_SetFilterConfig                               ./drivers/fsl_cmp.o
CMP_SetInputChannels                              ./drivers/fsl_cmp.o
DAC0_DriverIRQHandler                             ./startup/startup_mkl25z4.o
DAC0_IRQHandler                                   ./startup/startup_mkl25z4.o
DAC_ClearBufferStatusFlags                        ./drivers/fsl_dac.o
DAC_Deinit                                        ./drivers/fsl_dac.o
DAC_DisableBufferInterrupts                       ./drivers/fsl_dac.o
DAC_EnableBufferInterrupts                        ./drivers/fsl_dac.o
DAC_GetBufferStatusFlags                          ./drivers/fsl_dac.o
DAC_GetDefaultBufferConfig                        ./drivers/fsl_dac.o
DAC_GetDefaultConfig                              ./drivers/fsl_dac.o
DAC_Init                                          ./drivers/fsl_dac.o
DAC_Init_                                         ./source/DAC.o
                                                  ./source/Getting In Tune.o
DAC_SetBufferConfig                               ./drivers/fsl_dac.o
DAC_SetBufferReadPointer                          ./drivers/fsl_dac.o
DAC_SetBufferValue                                ./drivers/fsl_dac.o
DAC_begin                                         ./source/DAC.o
                                                  ./source/Getting In Tune.o
DMA0_DriverIRQHandler                             ./drivers/fsl_dma.o
                                                  ./startup/startup_mkl25z4.o
DMA0_IRQHandler                                   ./source/DAC.o
                                                  ./startup/startup_mkl25z4.o
DMA1_DriverIRQHandler                             ./drivers/fsl_dma.o
                                                  ./startup/startup_mkl25z4.o
DMA1_IRQHandler                                   ./startup/startup_mkl25z4.o
DMA2_DriverIRQHandler                             ./drivers/fsl_dma.o
                                                  ./startup/startup_mkl25z4.o
DMA2_IRQHandler                                   ./startup/startup_mkl25z4.o
DMA3_DriverIRQHandler                             ./drivers/fsl_dma.o
                                                  ./startup/startup_mkl25z4.o
DMA3_IRQHandler                                   ./startup/startup_mkl25z4.o
DMAMUX_Deinit                                     ./drivers/fsl_dmamux.o
DMAMUX_Init                                       ./drivers/fsl_dmamux.o
DMA_AbortTransfer                                 ./drivers/fsl_dma.o
                                                  ./drivers/fsl_uart_dma.o
                                                  ./drivers/fsl_lpsci_dma.o
DMA_CreateHandle                                  ./drivers/fsl_dma.o
DMA_Deinit                                        ./drivers/fsl_dma.o
DMA_HandleIRQ                                     ./drivers/fsl_dma.o
DMA_Init                                          ./drivers/fsl_dma.o
DMA_Init_                                         ./source/DAC.o
                                                  ./source/Getting In Tune.o
DMA_PrepareTransfer                               ./drivers/fsl_dma.o
                                                  ./drivers/fsl_uart_dma.o
                                                  ./drivers/fsl_lpsci_dma.o
DMA_ResetChannel                                  ./drivers/fsl_dma.o
DMA_SetCallback                                   ./drivers/fsl_dma.o
                                                  ./drivers/fsl_uart_dma.o
                                                  ./drivers/fsl_lpsci_dma.o
DMA_SetChannelLinkConfig                          ./drivers/fsl_dma.o
DMA_SetModulo                                     ./drivers/fsl_dma.o
DMA_SetTransferConfig                             ./drivers/fsl_dma.o
DMA_SubmitTransfer                                ./drivers/fsl_dma.o
                                                  ./drivers/fsl_uart_dma.o
                                                  ./drivers/fsl_lpsci_dma.o
DbgConsole_Deinit                                 ./utilities/fsl_debug_console.o
DbgConsole_Getchar                                ./utilities/fsl_debug_console.o
DbgConsole_Init                                   ./utilities/fsl_debug_console.o
                                                  ./board/board.o
DbgConsole_Printf                                 ./utilities/fsl_debug_console.o
                                                  ./drivers/fsl_common.o
                                                  ./source/util.o
                                                  ./source/test_sin.o
                                                  ./source/Getting In Tune.o
DbgConsole_Putchar                                ./utilities/fsl_debug_console.o